Archive member included to satisfy reference by file (symbol)

C:/Renesas/RA/e2studio_v2024-07_fsp_v5.5.0/toolchains/gcc_arm/13.2.rel1/bin/../lib/gcc/arm-none-eabi/13.2.1/thumb/v8-m.main+fp/hard\libg_nano.a(libc_a-exit.o)
                              C:/Renesas/RA/e2studio_v2024-07_fsp_v5.5.0/toolchains/gcc_arm/13.2.rel1/bin/../lib/gcc/arm-none-eabi/13.2.1/thumb/v8-m.main+fp/hard/crt0.o (exit)
C:/Renesas/RA/e2studio_v2024-07_fsp_v5.5.0/toolchains/gcc_arm/13.2.rel1/bin/../lib/gcc/arm-none-eabi/13.2.1/thumb/v8-m.main+fp/hard\libg_nano.a(libc_a-findfp.o)
                              C:/Renesas/RA/e2studio_v2024-07_fsp_v5.5.0/toolchains/gcc_arm/13.2.rel1/bin/../lib/gcc/arm-none-eabi/13.2.1/thumb/v8-m.main+fp/hard\libg_nano.a(libc_a-exit.o) (__stdio_exit_handler)
C:/Renesas/RA/e2studio_v2024-07_fsp_v5.5.0/toolchains/gcc_arm/13.2.rel1/bin/../lib/gcc/arm-none-eabi/13.2.1/thumb/v8-m.main+fp/hard\libg_nano.a(libc_a-fwalk.o)
                              C:/Renesas/RA/e2studio_v2024-07_fsp_v5.5.0/toolchains/gcc_arm/13.2.rel1/bin/../lib/gcc/arm-none-eabi/13.2.1/thumb/v8-m.main+fp/hard\libg_nano.a(libc_a-findfp.o) (_fwalk_sglue)
C:/Renesas/RA/e2studio_v2024-07_fsp_v5.5.0/toolchains/gcc_arm/13.2.rel1/bin/../lib/gcc/arm-none-eabi/13.2.1/thumb/v8-m.main+fp/hard\libg_nano.a(libc_a-stdio.o)
                              C:/Renesas/RA/e2studio_v2024-07_fsp_v5.5.0/toolchains/gcc_arm/13.2.rel1/bin/../lib/gcc/arm-none-eabi/13.2.1/thumb/v8-m.main+fp/hard\libg_nano.a(libc_a-findfp.o) (__sread)
C:/Renesas/RA/e2studio_v2024-07_fsp_v5.5.0/toolchains/gcc_arm/13.2.rel1/bin/../lib/gcc/arm-none-eabi/13.2.1/thumb/v8-m.main+fp/hard\libg_nano.a(libc_a-memset.o)
                              C:/Renesas/RA/e2studio_v2024-07_fsp_v5.5.0/toolchains/gcc_arm/13.2.rel1/bin/../lib/gcc/arm-none-eabi/13.2.1/thumb/v8-m.main+fp/hard/crt0.o (memset)
C:/Renesas/RA/e2studio_v2024-07_fsp_v5.5.0/toolchains/gcc_arm/13.2.rel1/bin/../lib/gcc/arm-none-eabi/13.2.1/thumb/v8-m.main+fp/hard\libg_nano.a(libc_a-closer.o)
                              C:/Renesas/RA/e2studio_v2024-07_fsp_v5.5.0/toolchains/gcc_arm/13.2.rel1/bin/../lib/gcc/arm-none-eabi/13.2.1/thumb/v8-m.main+fp/hard\libg_nano.a(libc_a-stdio.o) (_close_r)
C:/Renesas/RA/e2studio_v2024-07_fsp_v5.5.0/toolchains/gcc_arm/13.2.rel1/bin/../lib/gcc/arm-none-eabi/13.2.1/thumb/v8-m.main+fp/hard\libg_nano.a(libc_a-reent.o)
                              C:/Renesas/RA/e2studio_v2024-07_fsp_v5.5.0/toolchains/gcc_arm/13.2.rel1/bin/../lib/gcc/arm-none-eabi/13.2.1/thumb/v8-m.main+fp/hard\libg_nano.a(libc_a-closer.o) (errno)
C:/Renesas/RA/e2studio_v2024-07_fsp_v5.5.0/toolchains/gcc_arm/13.2.rel1/bin/../lib/gcc/arm-none-eabi/13.2.1/thumb/v8-m.main+fp/hard\libg_nano.a(libc_a-impure.o)
                              C:/Renesas/RA/e2studio_v2024-07_fsp_v5.5.0/toolchains/gcc_arm/13.2.rel1/bin/../lib/gcc/arm-none-eabi/13.2.1/thumb/v8-m.main+fp/hard\libg_nano.a(libc_a-reent.o) (_impure_ptr)
C:/Renesas/RA/e2studio_v2024-07_fsp_v5.5.0/toolchains/gcc_arm/13.2.rel1/bin/../lib/gcc/arm-none-eabi/13.2.1/thumb/v8-m.main+fp/hard\libg_nano.a(libc_a-lseekr.o)
                              C:/Renesas/RA/e2studio_v2024-07_fsp_v5.5.0/toolchains/gcc_arm/13.2.rel1/bin/../lib/gcc/arm-none-eabi/13.2.1/thumb/v8-m.main+fp/hard\libg_nano.a(libc_a-stdio.o) (_lseek_r)
C:/Renesas/RA/e2studio_v2024-07_fsp_v5.5.0/toolchains/gcc_arm/13.2.rel1/bin/../lib/gcc/arm-none-eabi/13.2.1/thumb/v8-m.main+fp/hard\libg_nano.a(libc_a-readr.o)
                              C:/Renesas/RA/e2studio_v2024-07_fsp_v5.5.0/toolchains/gcc_arm/13.2.rel1/bin/../lib/gcc/arm-none-eabi/13.2.1/thumb/v8-m.main+fp/hard\libg_nano.a(libc_a-stdio.o) (_read_r)
C:/Renesas/RA/e2studio_v2024-07_fsp_v5.5.0/toolchains/gcc_arm/13.2.rel1/bin/../lib/gcc/arm-none-eabi/13.2.1/thumb/v8-m.main+fp/hard\libg_nano.a(libc_a-writer.o)
                              C:/Renesas/RA/e2studio_v2024-07_fsp_v5.5.0/toolchains/gcc_arm/13.2.rel1/bin/../lib/gcc/arm-none-eabi/13.2.1/thumb/v8-m.main+fp/hard\libg_nano.a(libc_a-stdio.o) (_write_r)
C:/Renesas/RA/e2studio_v2024-07_fsp_v5.5.0/toolchains/gcc_arm/13.2.rel1/bin/../lib/gcc/arm-none-eabi/13.2.1/thumb/v8-m.main+fp/hard\libg_nano.a(libc_a-errno.o)
                              ./ra/fsp/src/bsp/mcu/all/bsp_sbrk.o (__errno)
C:/Renesas/RA/e2studio_v2024-07_fsp_v5.5.0/toolchains/gcc_arm/13.2.rel1/bin/../lib/gcc/arm-none-eabi/13.2.1/thumb/v8-m.main+fp/hard\libg_nano.a(libc_a-init.o)
                              C:/Renesas/RA/e2studio_v2024-07_fsp_v5.5.0/toolchains/gcc_arm/13.2.rel1/bin/../lib/gcc/arm-none-eabi/13.2.1/thumb/v8-m.main+fp/hard/crt0.o (__libc_init_array)
C:/Renesas/RA/e2studio_v2024-07_fsp_v5.5.0/toolchains/gcc_arm/13.2.rel1/bin/../lib/gcc/arm-none-eabi/13.2.1/thumb/v8-m.main+fp/hard\libg_nano.a(libc_a-lock.o)
                              C:/Renesas/RA/e2studio_v2024-07_fsp_v5.5.0/toolchains/gcc_arm/13.2.rel1/bin/../lib/gcc/arm-none-eabi/13.2.1/thumb/v8-m.main+fp/hard\libg_nano.a(libc_a-findfp.o) (__retarget_lock_init_recursive)
[...]
Memory Configuration

Name             Origin             Length             Attributes
ITCM             0x00000000         0x00000000         xr
DTCM             0x00000000         0x00000000         xrw
FLASH            0x00000000         0x00080000         xr
RAM              0x20000000         0x00020000         xrw
DATA_FLASH       0x08000000         0x00002000         xr
QSPI_FLASH       0x60000000         0x04000000         xr
OSPI_DEVICE_0    0x80020000         0x00000000         xr
OSPI_DEVICE_1    0x80030000         0x00000000         xr
OSPI_DEVICE_0_RAM 0x80020000         0x00000000         xrw
OSPI_DEVICE_1_RAM 0x80030000         0x00000000         xrw
SDRAM            0x80010000         0x00000000         xrw
OPTION_SETTING   0x0100a100         0x00000100         r
OPTION_SETTING_OFS 0x0100a100         0x00000018         r
OPTION_SETTING_SAS 0x0100a134         0x000000cc         r
OPTION_SETTING_S 0x0100a200         0x00000100         r
ID_CODE          0x00000000         0x00000000         xr
*default*        0x00000000         0xffffffff

Linker script and memory map

LOAD C:/Renesas/RA/e2studio_v2024-07_fsp_v5.5.0/toolchains/gcc_arm/13.2.rel1/bin/../lib/gcc/arm-none-eabi/13.2.1/thumb/v8-m.main+fp/hard/crti.o
LOAD C:/Renesas/RA/e2studio_v2024-07_fsp_v5.5.0/toolchains/gcc_arm/13.2.rel1/bin/../lib/gcc/arm-none-eabi/13.2.1/thumb/v8-m.main+fp/hard/crtbegin.o
LOAD C:/Renesas/RA/e2studio_v2024-07_fsp_v5.5.0/toolchains/gcc_arm/13.2.rel1/bin/../lib/gcc/arm-none-eabi/13.2.1/thumb/v8-m.main+fp/hard/crt0.o
START GROUP
LOAD ./src/SEGGER_RTT/SEGGER_RTT.o
LOAD ./src/SEGGER_RTT/SEGGER_RTT_printf.o
LOAD ./src/hal_entry.o
LOAD ./src/i2c_sensor.o
LOAD ./src/new_thread0_entry.o
LOAD ./src/new_thread1_entry.o
LOAD ./ra_gen/common_data.o
LOAD ./ra_gen/hal_data.o
LOAD ./ra_gen/main.o
LOAD ./ra_gen/new_thread0.o
LOAD ./ra_gen/new_thread1.o
LOAD ./ra_gen/pin_data.o
LOAD ./ra_gen/vector_data.o
LOAD ./ra/fsp/src/rm_freertos_port/port.o
LOAD ./ra/fsp/src/r_ioport/r_ioport.o
LOAD ./ra/fsp/src/r_iic_master/r_iic_master.o
LOAD ./ra/fsp/src/bsp/mcu/all/bsp_clocks.o
LOAD ./ra/fsp/src/bsp/mcu/all/bsp_common.o
LOAD ./ra/fsp/src/bsp/mcu/all/bsp_delay.o
LOAD ./ra/fsp/src/bsp/mcu/all/bsp_group_irq.o
LOAD ./ra/fsp/src/bsp/mcu/all/bsp_guard.o
LOAD ./ra/fsp/src/bsp/mcu/all/bsp_io.o
LOAD ./ra/fsp/src/bsp/mcu/all/bsp_irq.o
LOAD ./ra/fsp/src/bsp/mcu/all/bsp_macl.o
LOAD ./ra/fsp/src/bsp/mcu/all/bsp_register_protection.o
LOAD ./ra/fsp/src/bsp/mcu/all/bsp_rom_registers.o
LOAD ./ra/fsp/src/bsp/mcu/all/bsp_sbrk.o
LOAD ./ra/fsp/src/bsp/mcu/all/bsp_sdram.o
LOAD ./ra/fsp/src/bsp/mcu/all/bsp_security.o
LOAD ./ra/fsp/src/bsp/cmsis/Device/RENESAS/Source/startup.o
LOAD ./ra/fsp/src/bsp/cmsis/Device/RENESAS/Source/system.o
LOAD ./ra/board/ra4e1_fpb/board_init.o
LOAD ./ra/board/ra4e1_fpb/board_leds.o
LOAD ./ra/aws/FreeRTOS/FreeRTOS/Source/event_groups.o
LOAD ./ra/aws/FreeRTOS/FreeRTOS/Source/list.o
LOAD ./ra/aws/FreeRTOS/FreeRTOS/Source/queue.o
LOAD ./ra/aws/FreeRTOS/FreeRTOS/Source/stream_buffer.o
LOAD ./ra/aws/FreeRTOS/FreeRTOS/Source/tasks.o
LOAD ./ra/aws/FreeRTOS/FreeRTOS/Source/timers.o
END GROUP
START GROUP
LOAD C:/Renesas/RA/e2studio_v2024-07_fsp_v5.5.0/toolchains/gcc_arm/13.2.rel1/bin/../lib/gcc/arm-none-eabi/13.2.1/thumb/v8-m.main+fp/hard\libgcc.a
LOAD C:/Renesas/RA/e2studio_v2024-07_fsp_v5.5.0/toolchains/gcc_arm/13.2.rel1/bin/../lib/gcc/arm-none-eabi/13.2.1/thumb/v8-m.main+fp/hard\libg_nano.a
LOAD C:/Renesas/RA/e2studio_v2024-07_fsp_v5.5.0/toolchains/gcc_arm/13.2.rel1/bin/../lib/gcc/arm-none-eabi/13.2.1/thumb/v8-m.main+fp/hard\libc_nano.a
END GROUP
START GROUP
LOAD C:/Renesas/RA/e2studio_v2024-07_fsp_v5.5.0/toolchains/gcc_arm/13.2.rel1/bin/../lib/gcc/arm-none-eabi/13.2.1/thumb/v8-m.main+fp/hard\libgcc.a
LOAD C:/Renesas/RA/e2studio_v2024-07_fsp_v5.5.0/toolchains/gcc_arm/13.2.rel1/bin/../lib/gcc/arm-none-eabi/13.2.1/thumb/v8-m.main+fp/hard\libc_nano.a
END GROUP
LOAD C:/Renesas/RA/e2studio_v2024-07_fsp_v5.5.0/toolchains/gcc_arm/13.2.rel1/bin/../lib/gcc/arm-none-eabi/13.2.1/thumb/v8-m.main+fp/hard/crtend.o
LOAD C:/Renesas/RA/e2studio_v2024-07_fsp_v5.5.0/toolchains/gcc_arm/13.2.rel1/bin/../lib/gcc/arm-none-eabi/13.2.1/thumb/v8-m.main+fp/hard/crtn.o
                0x20000000                        RAM_START = 0x20000000
                0x00020000                        RAM_LENGTH = 0x20000
                0x00000000                        FLASH_START = 0x0
                0x00080000                        FLASH_LENGTH = 0x80000
                0x08000000                        DATA_FLASH_START = 0x8000000
                0x00002000                        DATA_FLASH_LENGTH = 0x2000
                0x0100a100                        OPTION_SETTING_START = 0x100a100
                0x00000100                        OPTION_SETTING_LENGTH = 0x100
                0x0100a200                        OPTION_SETTING_S_START = 0x100a200
                0x00000100                        OPTION_SETTING_S_LENGTH = 0x100
                0x00000000                        ID_CODE_START = 0x0
                0x00000000                        ID_CODE_LENGTH = 0x0
                0x80010000                        SDRAM_START = 0x80010000
                0x00000000                        SDRAM_LENGTH = 0x0
                0x60000000                        QSPI_FLASH_START = 0x60000000
                0x04000000                        QSPI_FLASH_LENGTH = 0x4000000
                0x80020000                        OSPI_DEVICE_0_START = 0x80020000
                0x00000000                        OSPI_DEVICE_0_LENGTH = 0x0
                0x80030000                        OSPI_DEVICE_1_START = 0x80030000
                0x00000000                        OSPI_DEVICE_1_LENGTH = 0x0
                0x04000000                        QSPI_FLASH_PRV_LENGTH = DEFINED (QSPI_FLASH_SIZE)?ABSOLUTE (QSPI_FLASH_SIZE):ABSOLUTE (QSPI_FLASH_LENGTH)
                0x00000000                        OSPI_DEVICE_0_PRV_LENGTH = DEFINED (OSPI_DEVICE_0_SIZE)?ABSOLUTE (OSPI_DEVICE_0_SIZE):ABSOLUTE (OSPI_DEVICE_0_LENGTH)
                0x00000000                        OSPI_DEVICE_1_PRV_LENGTH = DEFINED (OSPI_DEVICE_1_SIZE)?ABSOLUTE (OSPI_DEVICE_1_SIZE):ABSOLUTE (OSPI_DEVICE_1_LENGTH)
                0x00000000                        __RESERVE_NS_RAM = ((! (DEFINED (PROJECT_NONSECURE)) && DEFINED (RAM_NS_BUFFER_LENGTH)) && (OPTION_SETTING_S_LENGTH != 0x0))
                0x00000000                        ITCM_START = DEFINED (ITCM_START)?ITCM_START:0x0
                0x00000000                        ITCM_LENGTH = DEFINED (ITCM_LENGTH)?ITCM_LENGTH:0x0
                0x00000000                        DTCM_START = DEFINED (DTCM_START)?DTCM_START:0x0
                0x00000000                        DTCM_LENGTH = DEFINED (DTCM_LENGTH)?DTCM_LENGTH:0x0
                0x00000000                        RAM_NS_BUFFER_BLOCK_LENGTH = DEFINED (RAM_NS_BUFFER_LENGTH)?ALIGN (RAM_NS_BUFFER_LENGTH, 0x2000):0x0
                0x00000000                        RAM_NS_BUFFER_LENGTH = DEFINED (RAM_NS_BUFFER_LENGTH)?RAM_NS_BUFFER_LENGTH:0x0
                0x20020000                        RAM_NS_BUFFER_START = ((RAM_START + RAM_LENGTH) - RAM_NS_BUFFER_LENGTH)
                0x20020000                        RAM_NS_BUFFER_BLOCK_START = ((RAM_START + RAM_LENGTH) - RAM_NS_BUFFER_BLOCK_LENGTH)
                0x0100a180                        OPTION_SETTING_START_NS = DEFINED (PROJECT_NONSECURE)?OPTION_SETTING_START:(OPTION_SETTING_START + 0x80)
                0x00000001                        __bl_FSP_BOOTABLE_IMAGE = 0x1
                0x00000001                        __bln_FSP_BOOTABLE_IMAGE = 0x1
                0x00000001                        PROJECT_SECURE_OR_FLAT = (((! (DEFINED (PROJECT_NONSECURE)) || DEFINED (PROJECT_SECURE)) && OPTION_SETTING_LENGTH) && ! (DEFINED (FSP_BOOTABLE_IMAGE)))
                0x00000000                        USE_OPTION_SETTING_NS = (DEFINED (PROJECT_NONSECURE) && ! (DEFINED (FSP_BOOTABLE_IMAGE)))
                0x00000000                        __bl_FLASH_IMAGE_START = ! (DEFINED (FLASH_BOOTLOADER_LENGTH))?0x0:(FLASH_APPLICATION_IMAGE_NUMBER == 0x1)?((FLASH_START + FLASH_BOOTLOADER_LENGTH) + FLASH_BOOTLOADER_HEADER_LENGTH):(DEFINED (BOOTLOADER_SECONDARY_USE_QSPI) || DEFINED (BOOTLOADER_SECONDARY_USE_OSPI_B))?(((FLASH_START + FLASH_BOOTLOADER_LENGTH) + FLASH_BOOTLOADER_SCRATCH_LENGTH) + FLASH_BOOTLOADER_HEADER_LENGTH):((((FLASH_START + FLASH_BOOTLOADER_LENGTH) + FLASH_BOOTLOADER_SCRATCH_LENGTH) + FLASH_APPLICATION_S_LENGTH) + FLASH_BOOTLOADER_HEADER_LENGTH)
                0x00000000                        __bl_FLASH_IMAGE_LENGTH = ! (DEFINED (FLASH_BOOTLOADER_LENGTH))?0x0:(FLASH_APPLICATION_S_LENGTH - FLASH_BOOTLOADER_HEADER_LENGTH)
                0x00000000                        __bl_FLASH_IMAGE_END = (__bl_FLASH_IMAGE_START + __bl_FLASH_IMAGE_LENGTH)
                0x00000000                        __bl_XIP_SECONDARY_FLASH_IMAGE_START = ! (DEFINED (FLASH_BOOTLOADER_LENGTH))?0x0:(((FLASH_START + FLASH_BOOTLOADER_LENGTH) + FLASH_APPLICATION_S_LENGTH) + FLASH_BOOTLOADER_HEADER_LENGTH)
                0x00000000                        __bl_XIP_SECONDARY_FLASH_IMAGE_END = (__bl_XIP_SECONDARY_FLASH_IMAGE_START + __bl_FLASH_IMAGE_LENGTH)
                0x00000000                        __bl_FLASH_NS_START = ! (DEFINED (FLASH_BOOTLOADER_LENGTH))?0x0:(FLASH_APPLICATION_NS_LENGTH == 0x0)?__bl_FLASH_IMAGE_END:((__bl_FLASH_IMAGE_START - FLASH_BOOTLOADER_HEADER_LENGTH) + FLASH_APPLICATION_S_LENGTH)
                0x00000000                        __bl_FLASH_NSC_START = ! (DEFINED (FLASH_BOOTLOADER_LENGTH))?0x0:(FLASH_APPLICATION_NS_LENGTH == 0x0)?__bl_FLASH_IMAGE_END:(__bl_FLASH_IMAGE_END - FLASH_APPLICATION_NSC_LENGTH)
                0x00000000                        __bl_RAM_NS_START = ! (DEFINED (FLASH_BOOTLOADER_LENGTH))?0x0:(FLASH_APPLICATION_NS_LENGTH == 0x0)?(RAM_START + RAM_LENGTH):((RAM_START + RAM_LENGTH) - RAM_APPLICATION_NS_LENGTH)
                0x00000000                        __bl_RAM_NSC_START = ! (DEFINED (FLASH_BOOTLOADER_LENGTH))?0x0:(FLASH_APPLICATION_NS_LENGTH == 0x0)?(RAM_START + RAM_LENGTH):(__bl_RAM_NS_START - RAM_APPLICATION_NSC_LENGTH)
                0x00000000                        __bl_FLASH_NS_IMAGE_START = ! (DEFINED (FLASH_BOOTLOADER_LENGTH))?0x0:(FLASH_APPLICATION_NS_LENGTH == 0x0)?__bl_FLASH_IMAGE_END:(__bl_FLASH_NS_START + FLASH_BOOTLOADER_HEADER_LENGTH_2)
                0x00000000                        __bln_FLASH_IMAGE_START = (__bl_FLASH_NS_IMAGE_START | ! (DEFINED (NS_OFFSET_START))?0x0:NS_OFFSET_START)
                0x00000000                        __bln_FLASH_IMAGE_LENGTH = ! (DEFINED (FLASH_BOOTLOADER_LENGTH))?0x0:(FLASH_APPLICATION_NS_LENGTH == 0x0)?__bl_FLASH_IMAGE_END:(FLASH_APPLICATION_NS_LENGTH - FLASH_BOOTLOADER_HEADER_LENGTH_2)
                0x00000000                        XIP_SECONDARY_SLOT_IMAGE = DEFINED (XIP_SECONDARY_SLOT_IMAGE)?XIP_SECONDARY_SLOT_IMAGE:0x0
                0x00000000                        FLASH_ORIGIN = ! (DEFINED (FLASH_IMAGE_START))?FLASH_START:(XIP_SECONDARY_SLOT_IMAGE == 0x1)?XIP_SECONDARY_FLASH_IMAGE_START:FLASH_IMAGE_START
                0x00080000                        LIMITED_FLASH_LENGTH = DEFINED (FLASH_IMAGE_LENGTH)?FLASH_IMAGE_LENGTH:DEFINED (FLASH_BOOTLOADER_LENGTH)?FLASH_BOOTLOADER_LENGTH:FLASH_LENGTH
                0x00000034                        OPTION_SETTING_SAS_SIZE = 0x34
                0x000000cc                        OPTION_SETTING_SAS_LENGTH = ! (DEFINED (OPTION_SETTING_LENGTH))?0x0:(OPTION_SETTING_LENGTH == 0x0)?0x0:(OPTION_SETTING_LENGTH - OPTION_SETTING_SAS_SIZE)
START GROUP
LOAD C:/Renesas/RA/e2studio_v2024-07_fsp_v5.5.0/toolchains/gcc_arm/13.2.rel1/bin/../lib/gcc/arm-none-eabi/13.2.1/thumb/v8-m.main+fp/hard\libgcc.a
LOAD C:/Renesas/RA/e2studio_v2024-07_fsp_v5.5.0/toolchains/gcc_arm/13.2.rel1/bin/../lib/gcc/arm-none-eabi/13.2.1/thumb/v8-m.main+fp/hard\libc.a
LOAD C:/Renesas/RA/e2studio_v2024-07_fsp_v5.5.0/toolchains/gcc_arm/13.2.rel1/bin/../lib/gcc/arm-none-eabi/13.2.1/thumb/v8-m.main+fp/hard\libm.a
END GROUP

.text           0x00000000     0x44bc
                0x00000000                        __tz_FLASH_S = ABSOLUTE (FLASH_START)
                0x00000000                        __ROM_Start = .
 *(.fixed_vectors*)
 .fixed_vectors
                0x00000000       0x40 ./ra/fsp/src/bsp/cmsis/Device/RENESAS/Source/startup.o
                0x00000000                __Vectors
 *(.application_vectors*)
 .application_vectors
                0x00000040      0x180 ./ra_gen/vector_data.o
                0x00000040                g_vector_table
                0x000001c0                        __Vectors_End = .
 *(.flash_gap*)
                0x000001c0                        . = (OPTION_SETTING_LENGTH > 0x0)?.:(__ROM_Start + 0x400)
 *(.rom_registers*)
 *(.mcuboot_sce9_key*)
 *(.text*)
 .text.deregister_tm_clones
                0x000001c0       0x1c C:/Renesas/RA/e2studio_v2024-07_fsp_v5.5.0/toolchains/gcc_arm/13.2.rel1/bin/../lib/gcc/arm-none-eabi/13.2.1/thumb/v8-m.main+fp/hard/crtbegin.o
 .text.register_tm_clones
                0x000001dc       0x28 C:/Renesas/RA/e2studio_v2024-07_fsp_v5.5.0/toolchains/gcc_arm/13.2.rel1/bin/../lib/gcc/arm-none-eabi/13.2.1/thumb/v8-m.main+fp/hard/crtbegin.o
 .text.__do_global_dtors_aux
                0x00000204       0x28 C:/Renesas/RA/e2studio_v2024-07_fsp_v5.5.0/toolchains/gcc_arm/13.2.rel1/bin/../lib/gcc/arm-none-eabi/13.2.1/thumb/v8-m.main+fp/hard/crtbegin.o
 .text.frame_dummy
                0x0000022c       0x24 C:/Renesas/RA/e2studio_v2024-07_fsp_v5.5.0/toolchains/gcc_arm/13.2.rel1/bin/../lib/gcc/arm-none-eabi/13.2.1/thumb/v8-m.main+fp/hard/crtbegin.o
 .text._WriteNoCheck
                0x00000250       0x38 ./src/SEGGER_RTT/SEGGER_RTT.o
 .text._WriteBlocking
                0x00000288       0x60 ./src/SEGGER_RTT/SEGGER_RTT.o
 .text._DoInit  0x000002e8       0x70 ./src/SEGGER_RTT/SEGGER_RTT.o
 .text.SEGGER_RTT_WriteNoLock
                0x00000358       0x8c ./src/SEGGER_RTT/SEGGER_RTT.o
                0x00000358                SEGGER_RTT_WriteNoLock
 .text.SEGGER_RTT_Write
                0x000003e4       0x34 ./src/SEGGER_RTT/SEGGER_RTT.o
                0x000003e4                SEGGER_RTT_Write
 .text._StoreChar
                0x00000418       0x40 ./src/SEGGER_RTT/SEGGER_RTT_printf.o
 .text._PrintUnsigned
                0x00000458       0xf0 ./src/SEGGER_RTT/SEGGER_RTT_printf.o
 .text.SEGGER_RTT_vprintf
                0x00000548      0x39c ./src/SEGGER_RTT/SEGGER_RTT_printf.o
                0x00000548                SEGGER_RTT_vprintf
 .text.SEGGER_RTT_printf
                0x000008e4       0x20 ./src/SEGGER_RTT/SEGGER_RTT_printf.o
                0x000008e4                SEGGER_RTT_printf
 .text.R_BSP_WarmStart
                0x00000904       0x18 ./src/hal_entry.o
                0x00000904                R_BSP_WarmStart
 .text.measure_enable_payload
                0x0000091c       0x6c ./src/i2c_sensor.o
                0x0000091c                measure_enable_payload
 .text.SETUP_PPG
                0x00000988      0x13c ./src/i2c_sensor.o
                0x00000988                SETUP_PPG
 .text.WRITE_DATA_REGISTER
                0x00000ac4       0xe0 ./src/i2c_sensor.o
                0x00000ac4                WRITE_DATA_REGISTER
 .text.init_sensor
                0x00000ba4      0x1f0 ./src/i2c_sensor.o
                0x00000ba4                init_sensor
 .text.i2c_master_callback
                0x00000d94       0x10 ./src/i2c_sensor.o
                0x00000d94                i2c_master_callback
 .text.new_thread0_entry
                0x00000da4       0xa4 ./src/new_thread0_entry.o
                0x00000da4                new_thread0_entry
 .text.new_thread1_entry
                0x00000e48       0x70 ./src/new_thread1_entry.o
                0x00000e48                new_thread1_entry
 .text.g_common_init
                0x00000eb8        0x4 ./ra_gen/common_data.o
                0x00000eb8                g_common_init
 .text.g_hal_init
                0x00000ebc        0x4 ./ra_gen/hal_data.o
                0x00000ebc                g_hal_init
 .text.rtos_startup_err_callback_internal
                0x00000ec0        0x4 ./ra_gen/main.o
                0x00000ec0                rtos_startup_err_callback
                0x00000ec0                rtos_startup_err_callback_internal
 .text.rtos_startup_common_init
                0x00000ec4       0x68 ./ra_gen/main.o
                0x00000ec4                rtos_startup_common_init
 .text.startup.main
                0x00000f2c       0x48 ./ra_gen/main.o
                0x00000f2c                main
 .text.vApplicationGetIdleTaskMemory
                0x00000f74       0x1c ./ra_gen/main.o
                0x00000f74                vApplicationGetIdleTaskMemory
 .text.vApplicationGetTimerTaskMemory
                0x00000f90       0x1c ./ra_gen/main.o
                0x00000f90                vApplicationGetTimerTaskMemory
 .text.new_thread0_func
                0x00000fac       0x14 ./ra_gen/new_thread0.o
 .text.new_thread0_create
                0x00000fc0       0x58 ./ra_gen/new_thread0.o
                0x00000fc0                new_thread0_create
 .text.new_thread1_func
                0x00001018       0x14 ./ra_gen/new_thread1.o
 .text.new_thread1_create
                0x0000102c       0x58 ./ra_gen/new_thread1.o
                0x0000102c                new_thread1_create
 .text.prvTaskExitError
                0x00001084        0x4 ./ra/fsp/src/rm_freertos_port/port.o
 .text.SVC_Handler
                0x00001088       0x18 ./ra/fsp/src/rm_freertos_port/port.o
                0x00001088                SVC_Handler
 .text.PendSV_Handler
                0x000010a0       0x44 ./ra/fsp/src/rm_freertos_port/port.o
                0x000010a0                PendSV_Handler
 .text.rm_freertos_port_restore_task_stackless
                0x000010e4       0x24 ./ra/fsp/src/rm_freertos_port/port.o
                0x000010e4                rm_freertos_port_restore_task_stackless
 .text.SysTick_Handler
                0x00001108       0x24 ./ra/fsp/src/rm_freertos_port/port.o
                0x00001108                SysTick_Handler
 .text.vPortSVCHandler_C
                0x0000112c       0x34 ./ra/fsp/src/rm_freertos_port/port.o
                0x0000112c                vPortSVCHandler_C
 .text.pxPortInitialiseStack
                0x00001160       0x34 ./ra/fsp/src/rm_freertos_port/port.o
                0x00001160                pxPortInitialiseStack
 .text.vPortEnterCritical
                0x00001194       0x50 ./ra/fsp/src/rm_freertos_port/port.o
                0x00001194                vPortEnterCritical
 .text.vPortExitCritical
                0x000011e4       0x3c ./ra/fsp/src/rm_freertos_port/port.o
                0x000011e4                vPortExitCritical
 .text.rm_freertos_port_sleep_preserving_lpm
                0x00001220       0x6c ./ra/fsp/src/rm_freertos_port/port.o
                0x00001220                rm_freertos_port_sleep_preserving_lpm
 .text.vApplicationIdleHook
                0x0000128c       0x18 ./ra/fsp/src/rm_freertos_port/port.o
                0x0000128c                vApplicationIdleHook
 .text.vPortSetupTimerInterrupt
                0x000012a4       0x44 ./ra/fsp/src/rm_freertos_port/port.o
                0x000012a4                vPortSetupTimerInterrupt
 .text.xPortStartScheduler
                0x000012e8       0x3c ./ra/fsp/src/rm_freertos_port/port.o
                0x000012e8                xPortStartScheduler
 .text.bsp_vbatt_init
                0x00001324       0xe8 ./ra/fsp/src/r_ioport/r_ioport.o
 .text.r_ioport_pins_config
                0x0000140c       0xac ./ra/fsp/src/r_ioport/r_ioport.o
 .text.R_IOPORT_Open
                0x000014b8       0x14 ./ra/fsp/src/r_ioport/r_ioport.o
                0x000014b8                R_IOPORT_Open
 .text.iic_master_notify
                0x000014cc       0x3c ./ra/fsp/src/r_iic_master/r_iic_master.o
 .text.iic_master_run_hw_master
                0x00001508      0x114 ./ra/fsp/src/r_iic_master/r_iic_master.o
 .text.R_IIC_MASTER_Write
                0x0000161c       0x30 ./ra/fsp/src/r_iic_master/r_iic_master.o
                0x0000161c                R_IIC_MASTER_Write
 .text.R_IIC_MASTER_Read
                0x0000164c       0x34 ./ra/fsp/src/r_iic_master/r_iic_master.o
                0x0000164c                R_IIC_MASTER_Read
 .text.iic_master_open_hw_master
                0x00001680      0x1c8 ./ra/fsp/src/r_iic_master/r_iic_master.o
 .text.R_IIC_MASTER_Open
                0x00001848       0x74 ./ra/fsp/src/r_iic_master/r_iic_master.o
                0x00001848                R_IIC_MASTER_Open
 .text.iic_master_rxi_isr
                0x000018bc      0x194 ./ra/fsp/src/r_iic_master/r_iic_master.o
                0x000018bc                iic_master_rxi_isr
 .text.iic_master_txi_isr
                0x00001a50      0x120 ./ra/fsp/src/r_iic_master/r_iic_master.o
                0x00001a50                iic_master_txi_isr
 .text.iic_master_tei_isr
                0x00001b70       0xe0 ./ra/fsp/src/r_iic_master/r_iic_master.o
                0x00001b70                iic_master_tei_isr
 .text.iic_master_eri_isr
                0x00001c50      0x140 ./ra/fsp/src/r_iic_master/r_iic_master.o
                0x00001c50                iic_master_eri_isr
 .text.SystemCoreClockUpdate
                0x00001d90       0x28 ./ra/fsp/src/bsp/mcu/all/bsp_clocks.o
                0x00001d90                SystemCoreClockUpdate
 .text.bsp_clock_init
                0x00001db8       0xdc ./ra/fsp/src/bsp/mcu/all/bsp_clocks.o
                0x00001db8                bsp_clock_init
 .text.R_BSP_Init_RTC
                0x00001e94       0x28 ./ra/fsp/src/bsp/mcu/all/bsp_clocks.o
                0x00001e94                R_BSP_Init_RTC
 .text.__assert_func
                0x00001ebc        0x4 ./ra/fsp/src/bsp/mcu/all/bsp_common.o
                0x00001ebc                __assert_func
 .text.bsp_prv_software_delay_loop
                0x00001ec0        0xc ./ra/fsp/src/bsp/mcu/all/bsp_delay.o
                0x00001ec0                bsp_prv_software_delay_loop
 .text.R_BSP_SoftwareDelay
                0x00001ecc       0x58 ./ra/fsp/src/bsp/mcu/all/bsp_delay.o
                0x00001ecc                R_BSP_SoftwareDelay
 .text.NMI_Handler
                0x00001f24       0x3c ./ra/fsp/src/bsp/mcu/all/bsp_group_irq.o
                0x00001f24                NMI_Handler
 .text.bsp_irq_cfg
                0x00001f60       0xa4 ./ra/fsp/src/bsp/mcu/all/bsp_irq.o
                0x00001f60                bsp_irq_cfg
 .text.R_BSP_RegisterProtectEnable
                0x00002004       0x60 ./ra/fsp/src/bsp/mcu/all/bsp_register_protection.o
                0x00002004                R_BSP_RegisterProtectEnable
 .text.R_BSP_RegisterProtectDisable
                0x00002064       0x54 ./ra/fsp/src/bsp/mcu/all/bsp_register_protection.o
                0x00002064                R_BSP_RegisterProtectDisable
 .text.Default_Handler
                0x000020b8        0x4 ./ra/fsp/src/bsp/cmsis/Device/RENESAS/Source/startup.o
                0x000020b8                HardFault_Handler
                0x000020b8                UsageFault_Handler
                0x000020b8                SecureFault_Handler
                0x000020b8                Default_Handler
                0x000020b8                MemManage_Handler
                0x000020b8                BusFault_Handler
                0x000020b8                DebugMon_Handler
 .text.Reset_Handler
                0x000020bc        0xc ./ra/fsp/src/bsp/cmsis/Device/RENESAS/Source/startup.o
                0x000020bc                Reset_Handler
 .text.SystemInit
                0x000020c8       0xdc ./ra/fsp/src/bsp/cmsis/Device/RENESAS/Source/system.o
                0x000020c8                SystemInit
 .text.bsp_init
                0x000021a4        0x4 ./ra/board/ra4e1_fpb/board_init.o
                0x000021a4                bsp_init
 .text.vListInitialise
                0x000021a8       0x18 ./ra/aws/FreeRTOS/FreeRTOS/Source/list.o
                0x000021a8                vListInitialise
 .text.vListInitialiseItem
                0x000021c0        0x8 ./ra/aws/FreeRTOS/FreeRTOS/Source/list.o
                0x000021c0                vListInitialiseItem
 .text.vListInsert
                0x000021c8       0x30 ./ra/aws/FreeRTOS/FreeRTOS/Source/list.o
                0x000021c8                vListInsert
 .text.uxListRemove
                0x000021f8       0x24 ./ra/aws/FreeRTOS/FreeRTOS/Source/list.o
                0x000021f8                uxListRemove
 .text.prvCopyDataToQueue
                0x0000221c       0x60 ./ra/aws/FreeRTOS/FreeRTOS/Source/queue.o
 .text.prvUnlockQueue
                0x0000227c       0x8c ./ra/aws/FreeRTOS/FreeRTOS/Source/queue.o
 .text.xQueueGenericReset
                0x00002308       0xbc ./ra/aws/FreeRTOS/FreeRTOS/Source/queue.o
                0x00002308                xQueueGenericReset
 .text.xQueueGenericCreateStatic
                0x000023c4       0x80 ./ra/aws/FreeRTOS/FreeRTOS/Source/queue.o
                0x000023c4                xQueueGenericCreateStatic
 .text.xQueueCreateCountingSemaphoreStatic
                0x00002444       0x78 ./ra/aws/FreeRTOS/FreeRTOS/Source/queue.o
                0x00002444                xQueueCreateCountingSemaphoreStatic
 .text.xQueueGenericSend
                0x000024bc      0x198 ./ra/aws/FreeRTOS/FreeRTOS/Source/queue.o
                0x000024bc                xQueueGenericSend
 .text.xQueueReceive
                0x00002654      0x178 ./ra/aws/FreeRTOS/FreeRTOS/Source/queue.o
                0x00002654                xQueueReceive
 .text.xQueueSemaphoreTake
                0x000027cc      0x154 ./ra/aws/FreeRTOS/FreeRTOS/Source/queue.o
                0x000027cc                xQueueSemaphoreTake
 .text.vQueueAddToRegistry
                0x00002920       0x64 ./ra/aws/FreeRTOS/FreeRTOS/Source/queue.o
                0x00002920                vQueueAddToRegistry
 .text.vQueueWaitForMessageRestricted
                0x00002984       0x50 ./ra/aws/FreeRTOS/FreeRTOS/Source/queue.o
                0x00002984                vQueueWaitForMessageRestricted
 .text.prvAddCurrentTaskToDelayedList
                0x000029d4       0xa4 ./ra/aws/FreeRTOS/FreeRTOS/Source/tasks.o
 .text.prvIdleTask
                0x00002a78       0x64 ./ra/aws/FreeRTOS/FreeRTOS/Source/tasks.o
 .text.xTaskIncrementTick.part.0
                0x00002adc      0x1b8 ./ra/aws/FreeRTOS/FreeRTOS/Source/tasks.o
 .text.xTaskCreateStatic
                0x00002c94      0x21c ./ra/aws/FreeRTOS/FreeRTOS/Source/tasks.o
                0x00002c94                xTaskCreateStatic
 .text.vTaskStartScheduler
                0x00002eb0       0x94 ./ra/aws/FreeRTOS/FreeRTOS/Source/tasks.o
                0x00002eb0                vTaskStartScheduler
 .text.vTaskSuspendAll
                0x00002f44       0x10 ./ra/aws/FreeRTOS/FreeRTOS/Source/tasks.o
                0x00002f44                vTaskSuspendAll
 .text.xTaskResumeAll
                0x00002f54      0x1d0 ./ra/aws/FreeRTOS/FreeRTOS/Source/tasks.o
                0x00002f54                xTaskResumeAll
 .text.vTaskDelay
                0x00003124       0x50 ./ra/aws/FreeRTOS/FreeRTOS/Source/tasks.o
                0x00003124                vTaskDelay
 .text.xTaskGetTickCount
                0x00003174        0xc ./ra/aws/FreeRTOS/FreeRTOS/Source/tasks.o
                0x00003174                xTaskGetTickCount
 .text.xTaskIncrementTick
                0x00003180       0x20 ./ra/aws/FreeRTOS/FreeRTOS/Source/tasks.o
                0x00003180                xTaskIncrementTick
 .text.vTaskSwitchContext
                0x000031a0       0x90 ./ra/aws/FreeRTOS/FreeRTOS/Source/tasks.o
                0x000031a0                vTaskSwitchContext
 .text.vTaskPlaceOnEventList
                0x00003230       0x3c ./ra/aws/FreeRTOS/FreeRTOS/Source/tasks.o
                0x00003230                vTaskPlaceOnEventList
 .text.vTaskPlaceOnEventListRestricted
                0x0000326c       0x64 ./ra/aws/FreeRTOS/FreeRTOS/Source/tasks.o
                0x0000326c                vTaskPlaceOnEventListRestricted
 .text.xTaskRemoveFromEventList
                0x000032d0       0xf0 ./ra/aws/FreeRTOS/FreeRTOS/Source/tasks.o
                0x000032d0                xTaskRemoveFromEventList
 .text.vTaskInternalSetTimeOutState
                0x000033c0       0x18 ./ra/aws/FreeRTOS/FreeRTOS/Source/tasks.o
                0x000033c0                vTaskInternalSetTimeOutState
 .text.xTaskCheckForTimeOut
                0x000033d8       0x90 ./ra/aws/FreeRTOS/FreeRTOS/Source/tasks.o
                0x000033d8                xTaskCheckForTimeOut
 .text.vTaskMissedYield
                0x00003468        0xc ./ra/aws/FreeRTOS/FreeRTOS/Source/tasks.o
                0x00003468                vTaskMissedYield
 .text.xTaskGetSchedulerState
                0x00003474       0x20 ./ra/aws/FreeRTOS/FreeRTOS/Source/tasks.o
                0x00003474                xTaskGetSchedulerState
 .text.prvCheckForValidListAndQueue
                0x00003494       0x6c ./ra/aws/FreeRTOS/FreeRTOS/Source/timers.o
 .text.prvProcessExpiredTimer
                0x00003500       0x90 ./ra/aws/FreeRTOS/FreeRTOS/Source/timers.o
 .text.prvTimerTask
                0x00003590      0x238 ./ra/aws/FreeRTOS/FreeRTOS/Source/timers.o
 .text.xTimerCreateTimerTask
                0x000037c8       0x6c ./ra/aws/FreeRTOS/FreeRTOS/Source/timers.o
                0x000037c8                xTimerCreateTimerTask
 .text.memset   0x00003834       0x10 C:/Renesas/RA/e2studio_v2024-07_fsp_v5.5.0/toolchains/gcc_arm/13.2.rel1/bin/../lib/gcc/arm-none-eabi/13.2.1/thumb/v8-m.main+fp/hard\libg_nano.a(libc_a-memset.o)
                0x00003834                memset
 .text.memcpy   0x00003844       0x1a C:/Renesas/RA/e2studio_v2024-07_fsp_v5.5.0/toolchains/gcc_arm/13.2.rel1/bin/../lib/gcc/arm-none-eabi/13.2.1/thumb/v8-m.main+fp/hard\libg_nano.a(libc_a-memcpy-stub.o)
                0x00003844                memcpy
 *(.version)
 *fill*         0x0000385e        0x2 ff
 .version       0x00003860       0x50 ./ra/fsp/src/bsp/mcu/all/bsp_common.o
 *(.init)
 .init          0x000038b0        0x4 C:/Renesas/RA/e2studio_v2024-07_fsp_v5.5.0/toolchains/gcc_arm/13.2.rel1/bin/../lib/gcc/arm-none-eabi/13.2.1/thumb/v8-m.main+fp/hard/crti.o
                0x000038b0                _init
 .init          0x000038b4        0x8 C:/Renesas/RA/e2studio_v2024-07_fsp_v5.5.0/toolchains/gcc_arm/13.2.rel1/bin/../lib/gcc/arm-none-eabi/13.2.1/thumb/v8-m.main+fp/hard/crtn.o
 *(.fini)
 .fini          0x000038bc        0x4 C:/Renesas/RA/e2studio_v2024-07_fsp_v5.5.0/toolchains/gcc_arm/13.2.rel1/bin/../lib/gcc/arm-none-eabi/13.2.1/thumb/v8-m.main+fp/hard/crti.o
                0x000038bc                _fini
 .fini          0x000038c0        0x8 C:/Renesas/RA/e2studio_v2024-07_fsp_v5.5.0/toolchains/gcc_arm/13.2.rel1/bin/../lib/gcc/arm-none-eabi/13.2.1/thumb/v8-m.main+fp/hard/crtn.o
 *crtbegin.o(.ctors)
 *crtbegin?.o(.ctors)
 *(EXCLUDE_FILE(*crtend.o *crtend?.o) .ctors)
 *(SORT_BY_NAME(.ctors.*))
 *(.ctors)
 *crtbegin.o(.dtors)
 *crtbegin?.o(.dtors)
 *(EXCLUDE_FILE(*crtend.o *crtend?.o) .dtors)
 *(SORT_BY_NAME(.dtors.*))
 *(.dtors)
 *(.rodata*)
 .rodata._DoInit.str1.4
                0x000038c8      0x7b8 ./src/SEGGER_RTT/SEGGER_RTT.o
                                  0x9 (size before relaxing)
 .rodata._aInitStr.0
                0x00004080       0x11 ./src/SEGGER_RTT/SEGGER_RTT.o
 .rodata.SEGGER_RTT_vprintf.str1.4
                0x00004091        0x7 ./src/SEGGER_RTT/SEGGER_RTT_printf.o
 *fill*         0x00004091        0x3 ff
 .rodata._aV2C.0
                0x00004094       0x10 ./src/SEGGER_RTT/SEGGER_RTT_printf.o
 .rodata.measure_enable_payload.str1.4
                0x000040a4       0x6f ./src/i2c_sensor.o
 .rodata.SETUP_PPG.str1.4
                0x000040a4       0x1f ./src/i2c_sensor.o
 .rodata.WRITE_PTR_REGISTER.str1.4
                0x000040a4       0x8f ./src/i2c_sensor.o
 .rodata.WRITE_DATA_REGISTER.str1.4
                0x000040a4       0x2d ./src/i2c_sensor.o
 .rodata.init_sensor.str1.4
                0x000040a4       0xa6 ./src/i2c_sensor.o
 .rodata.__FUNCTION__.2
                0x000040a4       0x14 ./src/i2c_sensor.o
 .rodata.__FUNCTION__.6
                0x000040b8        0xe ./src/i2c_sensor.o
 *fill*         0x000040c6        0x2 ff
 .rodata.__FUNCTION__.7
                0x000040c8        0xc ./src/i2c_sensor.o
 .rodata.__FUNCTION__.8
                0x000040d4       0x17 ./src/i2c_sensor.o
 *fill*         0x000040eb        0x1 ff
 .rodata        0x000040ec        0x7 ./src/i2c_sensor.o
 .rodata.new_thread0_entry.str1.4
                0x000040f3       0x58 ./src/new_thread0_entry.o
 *fill*         0x000040f3        0x1 ff
 .rodata.__FUNCTION__.0
                0x000040f4       0x12 ./src/new_thread0_entry.o
 *fill*         0x00004106        0x2 ff
 .rodata.g_i2c_master0_cfg
                0x00004108       0x28 ./ra_gen/hal_data.o
                0x00004108                g_i2c_master0_cfg
 .rodata.g_i2c_master0_extend
                0x00004130        0x8 ./ra_gen/hal_data.o
                0x00004130                g_i2c_master0_extend
 .rodata.new_thread0_create.str1.4
                0x00004138        0xb ./ra_gen/new_thread0.o
 .rodata.new_thread0_parameters
                0x00004138        0x4 ./ra_gen/new_thread0.o
                0x00004138                new_thread0_parameters
 .rodata.new_thread1_create.str1.4
                0x0000413c        0xb ./ra_gen/new_thread1.o
 .rodata.new_thread1_parameters
                0x0000413c        0x4 ./ra_gen/new_thread1.o
                0x0000413c                new_thread1_parameters
 .rodata.g_bsp_pin_cfg
                0x00004140        0xc ./ra_gen/pin_data.o
                0x00004140                g_bsp_pin_cfg
 .rodata.g_bsp_pin_cfg_data
                0x0000414c       0x70 ./ra_gen/pin_data.o
                0x0000414c                g_bsp_pin_cfg_data
 .rodata.g_interrupt_event_link_select
                0x000041bc       0xc0 ./ra_gen/vector_data.o
                0x000041bc                g_interrupt_event_link_select
 .rodata.vPortSVCHandler_C.str1.4
                0x0000427c       0x3a ./ra/fsp/src/rm_freertos_port/port.o
 .rodata.vPortEnterCritical.str1.4
                0x0000427c       0x46 ./ra/fsp/src/rm_freertos_port/port.o
 .rodata.vPortExitCritical.str1.4
                0x0000427c       0x12 ./ra/fsp/src/rm_freertos_port/port.o
 .rodata.__func__.1
                0x0000427c       0x12 ./ra/fsp/src/rm_freertos_port/port.o
 *fill*         0x0000428e        0x2 ff
 .rodata.__func__.2
                0x00004290       0x13 ./ra/fsp/src/rm_freertos_port/port.o
 *fill*         0x000042a3        0x1 ff
 .rodata.__func__.3
                0x000042a4       0x12 ./ra/fsp/src/rm_freertos_port/port.o
 *fill*         0x000042b6        0x2 ff
 .rodata.g_vbatt_pins_input
                0x000042b8        0x6 ./ra/fsp/src/r_ioport/r_ioport.o
 *fill*         0x000042be        0x2 ff
 .rodata.g_prcr_masks
                0x000042c0        0x8 ./ra/fsp/src/bsp/mcu/all/bsp_register_protection.o
 .rodata.vQueueUnregisterQueue.part.0.str1.4
                0x000042c8       0x33 ./ra/aws/FreeRTOS/FreeRTOS/Source/queue.o
 .rodata.xQueueGenericReset.str1.4
                0x000042c8       0x2c ./ra/aws/FreeRTOS/FreeRTOS/Source/queue.o
 .rodata.xQueueGenericCreateStatic.str1.4
                0x000042c8       0x37 ./ra/aws/FreeRTOS/FreeRTOS/Source/queue.o
 .rodata.xQueueCreateCountingSemaphoreStatic.str1.4
                0x000042c8        0x8 ./ra/aws/FreeRTOS/FreeRTOS/Source/queue.o
 .rodata.xQueueGenericSend.str1.4
                0x000042c8       0xfb ./ra/aws/FreeRTOS/FreeRTOS/Source/queue.o
 .rodata.xQueueGiveFromISR.str1.4
                0x000042c8       0x7d ./ra/aws/FreeRTOS/FreeRTOS/Source/queue.o
 .rodata.xQueueReceive.str1.4
                0x000042c8       0x66 ./ra/aws/FreeRTOS/FreeRTOS/Source/queue.o
 .rodata.__func__.2
                0x000042c8       0x14 ./ra/aws/FreeRTOS/FreeRTOS/Source/queue.o
 .rodata.__func__.12
                0x000042dc       0x14 ./ra/aws/FreeRTOS/FreeRTOS/Source/queue.o
 .rodata.__func__.13
                0x000042f0        0xe ./ra/aws/FreeRTOS/FreeRTOS/Source/queue.o
 *fill*         0x000042fe        0x2 ff
 .rodata.__func__.16
                0x00004300       0x12 ./ra/aws/FreeRTOS/FreeRTOS/Source/queue.o
 *fill*         0x00004312        0x2 ff
 .rodata.__func__.17
                0x00004314       0x24 ./ra/aws/FreeRTOS/FreeRTOS/Source/queue.o
 .rodata.__func__.19
                0x00004338       0x1a ./ra/aws/FreeRTOS/FreeRTOS/Source/queue.o
 *fill*         0x00004352        0x2 ff
 .rodata.__func__.20
                0x00004354       0x13 ./ra/aws/FreeRTOS/FreeRTOS/Source/queue.o
 .rodata.prvTaskIsTaskSuspended.part.0.str1.4
                0x00004367       0x33 ./ra/aws/FreeRTOS/FreeRTOS/Source/tasks.o
 .rodata.xTaskIncrementTick.part.0.str1.4
                0x00004367       0x76 ./ra/aws/FreeRTOS/FreeRTOS/Source/tasks.o
 .rodata.xTaskCreateStatic.str1.4
                0x00004367       0x69 ./ra/aws/FreeRTOS/FreeRTOS/Source/tasks.o
 .rodata.vTaskDelete.str1.4
                0x00004367       0x2b ./ra/aws/FreeRTOS/FreeRTOS/Source/tasks.o
 .rodata.vTaskStartScheduler.str1.4
                0x00004367       0x1a ./ra/aws/FreeRTOS/FreeRTOS/Source/tasks.o
 .rodata.xTaskResumeAll.str1.4
                0x00004367       0x2b ./ra/aws/FreeRTOS/FreeRTOS/Source/tasks.o
 .rodata.vTaskSwitchContext.str1.4
                0x00004367        0xe ./ra/aws/FreeRTOS/FreeRTOS/Source/tasks.o
 .rodata.vTaskPlaceOnEventList.str1.4
                0x00004367        0xc ./ra/aws/FreeRTOS/FreeRTOS/Source/tasks.o
 .rodata.xTaskRemoveFromEventList.str1.4
                0x00004367        0xf ./ra/aws/FreeRTOS/FreeRTOS/Source/tasks.o
 .rodata.vTaskSetTimeOutState.str1.4
                0x00004367        0xa ./ra/aws/FreeRTOS/FreeRTOS/Source/tasks.o
 .rodata.xTaskCheckForTimeOut.str1.4
                0x00004367        0xe ./ra/aws/FreeRTOS/FreeRTOS/Source/tasks.o
 *fill*         0x00004367        0x1 ff
 .rodata.__func__.8
                0x00004368       0x15 ./ra/aws/FreeRTOS/FreeRTOS/Source/tasks.o
 *fill*         0x0000437d        0x3 ff
 .rodata.__func__.11
                0x00004380       0x19 ./ra/aws/FreeRTOS/FreeRTOS/Source/tasks.o
 *fill*         0x00004399        0x3 ff
 .rodata.__func__.12
                0x0000439c       0x20 ./ra/aws/FreeRTOS/FreeRTOS/Source/tasks.o
 .rodata.__func__.14
                0x000043bc       0x16 ./ra/aws/FreeRTOS/FreeRTOS/Source/tasks.o
 *fill*         0x000043d2        0x2 ff
 .rodata.__func__.15
                0x000043d4       0x13 ./ra/aws/FreeRTOS/FreeRTOS/Source/tasks.o
 *fill*         0x000043e7        0x1 ff
 .rodata.__func__.16
                0x000043e8       0x13 ./ra/aws/FreeRTOS/FreeRTOS/Source/tasks.o
 *fill*         0x000043fb        0x1 ff
 .rodata.__func__.20
                0x000043fc        0xf ./ra/aws/FreeRTOS/FreeRTOS/Source/tasks.o
 *fill*         0x0000440b        0x1 ff
 .rodata.__func__.21
                0x0000440c       0x14 ./ra/aws/FreeRTOS/FreeRTOS/Source/tasks.o
 .rodata.__func__.27
                0x00004420        0xb ./ra/aws/FreeRTOS/FreeRTOS/Source/tasks.o
 *fill*         0x0000442b        0x1 ff
 .rodata.__func__.30
                0x0000442c       0x15 ./ra/aws/FreeRTOS/FreeRTOS/Source/tasks.o
 *fill*         0x00004441        0x3 ff
 .rodata.__func__.31
                0x00004444       0x12 ./ra/aws/FreeRTOS/FreeRTOS/Source/tasks.o
 *fill*         0x00004456        0x2 ff
 .rodata.uxTopUsedPriority
                0x00004458        0x4 ./ra/aws/FreeRTOS/FreeRTOS/Source/tasks.o
                0x00004458                uxTopUsedPriority
 .rodata.prvCheckForValidListAndQueue.str1.4
                0x0000445c        0x5 ./ra/aws/FreeRTOS/FreeRTOS/Source/timers.o
 .rodata.xTimerGetReloadMode.part.0.str1.4
                0x0000445c       0x34 ./ra/aws/FreeRTOS/FreeRTOS/Source/timers.o
 .rodata.prvTimerTask.str1.4
                0x0000445c       0x25 ./ra/aws/FreeRTOS/FreeRTOS/Source/timers.o
 .rodata.xTimerCreateTimerTask.str1.4
                0x0000445c       0x10 ./ra/aws/FreeRTOS/FreeRTOS/Source/timers.o
 .rodata.__func__.15
                0x0000445c       0x1b ./ra/aws/FreeRTOS/FreeRTOS/Source/timers.o
 *fill*         0x00004477        0x1 ff
 .rodata.__func__.17
                0x00004478       0x16 ./ra/aws/FreeRTOS/FreeRTOS/Source/timers.o
                0x0000448e                        __usb_dev_descriptor_start_fs = .
 *(.usb_device_desc_fs*)
                0x0000448e                        __usb_cfg_descriptor_start_fs = .
 *(.usb_config_desc_fs*)
                0x0000448e                        __usb_interface_descriptor_start_fs = .
 *(.usb_interface_desc_fs*)
                0x0000448e                        __usb_descriptor_end_fs = .
                0x0000448e                        __usb_dev_descriptor_start_hs = .
 *(.usb_device_desc_hs*)
                0x0000448e                        __usb_cfg_descriptor_start_hs = .
 *(.usb_config_desc_hs*)
                0x0000448e                        __usb_interface_descriptor_start_hs = .
 *(.usb_interface_desc_hs*)
                0x0000448e                        __usb_descriptor_end_hs = .
 *(.eh_frame*)
 *fill*         0x0000448e        0x2 ff
 .eh_frame      0x00004490        0x0 C:/Renesas/RA/e2studio_v2024-07_fsp_v5.5.0/toolchains/gcc_arm/13.2.rel1/bin/../lib/gcc/arm-none-eabi/13.2.1/thumb/v8-m.main+fp/hard/crtbegin.o
 .eh_frame      0x00004490       0x28 C:/Renesas/RA/e2studio_v2024-07_fsp_v5.5.0/toolchains/gcc_arm/13.2.rel1/bin/../lib/gcc/arm-none-eabi/13.2.1/thumb/v8-m.main+fp/hard\libg_nano.a(libc_a-strlen.o)
 .eh_frame      0x000044b8        0x4 C:/Renesas/RA/e2studio_v2024-07_fsp_v5.5.0/toolchains/gcc_arm/13.2.rel1/bin/../lib/gcc/arm-none-eabi/13.2.1/thumb/v8-m.main+fp/hard/crtend.o
                0x000044bc                        __ROM_End = .
                0x000001c0                        __Vectors_Size = (__Vectors_End - __Vectors)

.glue_7         0x000044bc        0x0
 .glue_7        0x000044bc        0x0 linker stubs

.glue_7t        0x000044bc        0x0
 .glue_7t       0x000044bc        0x0 linker stubs

.vfp11_veneer   0x000044bc        0x0
 .vfp11_veneer  0x000044bc        0x0 linker stubs

.v4_bx          0x000044bc        0x0
 .v4_bx         0x000044bc        0x0 linker stubs

.iplt           0x000044bc        0x0
 .iplt          0x000044bc        0x0 C:/Renesas/RA/e2studio_v2024-07_fsp_v5.5.0/toolchains/gcc_arm/13.2.rel1/bin/../lib/gcc/arm-none-eabi/13.2.1/thumb/v8-m.main+fp/hard/crtbegin.o
                0x000044bc                        . = .
                0x000044bc                        __itcm_data_pre_location = .

.itcm_data      0x00000000        0x0 load address 0x000044c0
                0x00000000                        __tz_ITCM_S = ABSOLUTE (ITCM_START)
                0x00000000                        __itcm_data_start = .
 *(.itcm_data*)
                0x00000000                        . = ALIGN (0x8)
                0x00000000                        __itcm_data_end = .
                0x00000000                        __tz_ITCM_N = DEFINED (ITCM_NS_START)?ABSOLUTE (ITCM_NS_START):ALIGN (__itcm_data_end, 0x2000)
                0x000044c0                        __itcm_data_init_start = LOADADDR (.itcm_data)
                0x000044c0                        __itcm_data_init_end = (LOADADDR (.itcm_data) + SIZEOF (.itcm_data))
                0x00000001                        ASSERT (((ORIGIN (ITCM) % 0x8) == 0x0), ITCM memory region origin must be aligned to 8 bytes.)
                0x00000001                        ASSERT (((LENGTH (ITCM) % 0x8) == 0x0), ITCM memory region length must be a multiple of 8 bytes.)
                0x00000001                        ASSERT (((LOADADDR (.itcm_data) % 0x10) == 0x0), .itcm_data section must be aligned to 16 bytes.)
                0x00000001                        ASSERT (((SIZEOF (.itcm_data) % 0x8) == 0x0), .itcm_data section size must be a multiple of 8 bytes.)
                0x000044bc                        . = (SIZEOF (.itcm_data) > 0x0)?__itcm_data_init_end:__itcm_data_pre_location
                0x000044bc                        __exidx_start = .

/DISCARD/
 *(.ARM.extab* .gnu.linkonce.armextab.*)
 *(.ARM.exidx* .gnu.linkonce.armexidx.*)
                0x000044bc                        __exidx_end = .
                0x000044bc                        __etext = .
                0x20000000                        __tz_RAM_S = ORIGIN (RAM)

.fsp_dtc_vector_table
                0x20000000        0x0
                0x20000000                        . = ORIGIN (RAM)
 *(.fsp_dtc_vector_table)

.data           0x20000000        0xc load address 0x000044bc
                0x20000000                        __data_start__ = .
                0x20000000                        . = ALIGN (0x4)
                0x20000000                        __Code_In_RAM_Start = .
 *(.code_in_ram*)
                0x20000000                        __Code_In_RAM_End = .
 *(vtable)
 *(.data.*)
 .data.RESET    0x20000000        0x3 ./src/i2c_sensor.o
                0x20000000                RESET
 .data.i2c_event
                0x20000003        0x1 ./src/i2c_sensor.o
 *(.data)
                0x20000004                        . = ALIGN (0x4)
                0x20000004                        PROVIDE (__preinit_array_start = .)
 *(.preinit_array)
                0x20000004                        PROVIDE (__preinit_array_end = .)
                0x20000004                        . = ALIGN (0x4)
                0x20000004                        PROVIDE (__init_array_start = .)
 *(SORT_BY_NAME(.init_array.*))
 *(.init_array)
 .init_array    0x20000004        0x4 C:/Renesas/RA/e2studio_v2024-07_fsp_v5.5.0/toolchains/gcc_arm/13.2.rel1/bin/../lib/gcc/arm-none-eabi/13.2.1/thumb/v8-m.main+fp/hard/crtbegin.o
                0x20000008                        PROVIDE (__init_array_end = .)
                0x20000008                        . = ALIGN (0x4)
                [!provide]                        PROVIDE (__fini_array_start = .)
 *(SORT_BY_NAME(.fini_array.*))
 *(.fini_array)
 .fini_array    0x20000008        0x4 C:/Renesas/RA/e2studio_v2024-07_fsp_v5.5.0/toolchains/gcc_arm/13.2.rel1/bin/../lib/gcc/arm-none-eabi/13.2.1/thumb/v8-m.main+fp/hard/crtbegin.o
                [!provide]                        PROVIDE (__fini_array_end = .)
 *(.jcr*)
                0x2000000c                        . = ALIGN (0x4)
                0x2000000c                        __data_end__ = .

.tm_clone_table
                0x2000000c        0x0 load address 0x000044c8
 .tm_clone_table
                0x2000000c        0x0 C:/Renesas/RA/e2studio_v2024-07_fsp_v5.5.0/toolchains/gcc_arm/13.2.rel1/bin/../lib/gcc/arm-none-eabi/13.2.1/thumb/v8-m.main+fp/hard/crtbegin.o
 .tm_clone_table
                0x2000000c        0x0 C:/Renesas/RA/e2studio_v2024-07_fsp_v5.5.0/toolchains/gcc_arm/13.2.rel1/bin/../lib/gcc/arm-none-eabi/13.2.1/thumb/v8-m.main+fp/hard/crtend.o

.igot.plt       0x2000000c        0x0 load address 0x000044c8
 .igot.plt      0x2000000c        0x0 C:/Renesas/RA/e2studio_v2024-07_fsp_v5.5.0/toolchains/gcc_arm/13.2.rel1/bin/../lib/gcc/arm-none-eabi/13.2.1/thumb/v8-m.main+fp/hard/crtbegin.o
                0x2000000c                        . = .
                0x000044c8                        __dtcm_data_pre_location = (LOADADDR (.data) + SIZEOF (.data))

.dtcm_data      0x00000000        0x0 load address 0x000044d0
                0x00000000                        __tz_DTCM_S = ABSOLUTE (DTCM_START)
                0x00000000                        __dtcm_data_start = .
 *(.dtcm_data*)
                0x00000000                        . = ALIGN (0x8)
                0x00000000                        __dtcm_data_end = .
                0x00000000                        . = __dtcm_data_end

.dtcm_bss       0x00000000        0x0
                0x00000000                        __dtcm_bss_start = .
 *(.dtcm_bss*)
                0x00000000                        . = ALIGN (0x8)
                0x00000000                        __dtcm_bss_end = .
                0x00000000                        __tz_DTCM_N = DEFINED (DTCM_NS_START)?ABSOLUTE (DTCM_NS_START):ALIGN (__dtcm_bss_end, 0x2000)
                0x000044d0                        __dtcm_data_init_start = LOADADDR (.dtcm_data)
                0x000044d0                        __dtcm_data_init_end = (LOADADDR (.dtcm_data) + SIZEOF (.dtcm_data))
                0x00000001                        ASSERT (((ORIGIN (DTCM) % 0x8) == 0x0), DTCM memory region origin must be aligned to 8 bytes.)
                0x00000001                        ASSERT (((LENGTH (DTCM) % 0x8) == 0x0), DTCM memory region length must be a multiple of 8 bytes.)
                0x00000001                        ASSERT ((LOADADDR (.dtcm_bss) == ADDR (.dtcm_bss)), .dtcm_bss has (VMA != LMA) but should be NOLOAD (VMA == LMA).)
                0x00000001                        ASSERT (((LOADADDR (.dtcm_data) % 0x10) == 0x0), .dtcm_data section must be aligned to 16 bytes.)
                0x00000001                        ASSERT (((SIZEOF (.dtcm_data) % 0x8) == 0x0), .dtcm_data section size must be a multiple of 8 bytes.)
                0x00000001                        ASSERT (((LOADADDR (.dtcm_bss) % 0x8) == 0x0), .dtcm_bss section must be aligned to 8 bytes.)
                0x00000001                        ASSERT (((SIZEOF (.dtcm_bss) % 0x8) == 0x0), .dtcm_bss section size must be a multiple of 8 bytes.)
                0x00000001                        ASSERT ((__dtcm_bss_start == __dtcm_data_end), .dtcm_bss section is not adjacent to .dtcm_data section.)
                0x000044c8                        . = (SIZEOF (.dtcm_data) > 0x0)?__dtcm_data_init_end:__dtcm_data_pre_location
                0x000044c8                        sgstubs_pre_location = .
                0x00004800                        SGSTUBS_LOC = (DEFINED (PROJECT_SECURE) && DEFINED (FLASH_NSC_START))?ABSOLUTE (FLASH_NSC_START):ALIGN (0x400)

.gnu.sgstubs    0x00004800        0x0
                0x00004800                        __tz_FLASH_C = DEFINED (FLASH_NSC_START)?ABSOLUTE (FLASH_NSC_START):__RESERVE_NS_RAM?ABSOLUTE ((FLASH_START + FLASH_LENGTH)):ALIGN (0x400)
                0x00004800                        _start_sg = .
 *(.gnu.sgstubs*)
                0x00004800                        . = ALIGN (0x20)
                0x00004800                        _end_sg = .
                0x00008000                        __tz_FLASH_N = DEFINED (FLASH_NS_START)?ABSOLUTE (FLASH_NS_START):__RESERVE_NS_RAM?ABSOLUTE ((FLASH_START + FLASH_LENGTH)):(FLASH_LENGTH < 0x8000)?FLASH_LENGTH:ALIGN (0x8000)
                0x00008000                        FLASH_NS_IMAGE_START = DEFINED (FLASH_NS_IMAGE_START)?FLASH_NS_IMAGE_START:__tz_FLASH_N
                0x60000000                        __tz_QSPI_FLASH_S = ORIGIN (QSPI_FLASH)

.qspi_flash     0x60000000        0x0
                0x60000000                        __qspi_flash_start__ = .
 *(.qspi_flash*)
 *(.code_in_qspi*)
                0x60000000                        __qspi_flash_end__ = .
                0x00000000                        __qspi_flash_code_size__ = (__qspi_flash_end__ - __qspi_flash_start__)
                0x000044c8                        __qspi_flash_code_addr__ = sgstubs_pre_location

.qspi_non_retentive
                0x60000000        0x0 load address 0x000044c8
                0x60000000                        __qspi_non_retentive_start__ = .
 *(.qspi_non_retentive*)
                0x60000000                        __qspi_non_retentive_end__ = .
                0x00000000                        __qspi_non_retentive_size__ = (__qspi_non_retentive_end__ - __qspi_non_retentive_start__)
                0x04000000                        __qspi_region_max_size__ = 0x4000000
                0x60000000                        __qspi_region_start_address__ = __qspi_flash_start__
                0x64000000                        __qspi_region_end_address__ = (__qspi_flash_start__ + __qspi_region_max_size__)
                0x60000000                        __tz_QSPI_FLASH_N = __qspi_non_retentive_end__

.OSPI_DEVICE_0_NO_LOAD
                0x80020000        0x0
                0x80020000                        . = ALIGN (0x4)
                0x80020000                        __ospi_device_0_start__ = .
 *(.ospi_device_0_no_load*)
                0x80020000                        . = ALIGN (0x4)
                0x80020000                        __ospi_device_0_end__ = .

.OSPI_DEVICE_1_NO_LOAD
                0x80030000        0x0
                0x80030000                        . = ALIGN (0x4)
                0x80030000                        __ospi_device_1_start__ = .
 *(.ospi_device_1_no_load*)
                0x80030000                        . = ALIGN (0x4)
                0x80030000                        __ospi_device_1_end__ = .
                0x80020000                        __tz_OSPI_DEVICE_0_S = ORIGIN (OSPI_DEVICE_0)

.OSPI_DEVICE_0  0x80020000        0x0
                0x80020000                        __ospi_device_0_start__ = .
 *(.ospi_device_0*)
 *(.code_in_ospi_device_0*)
                0x80020000                        __ospi_device_0_end__ = .
                0x00000000                        __ospi_device_0_code_size__ = (__ospi_device_0_end__ - __ospi_device_0_start__)
                0x000044c8                        __ospi_device_0_code_addr__ = (sgstubs_pre_location + SIZEOF (.qspi_non_retentive))

.ospi_device_0_non_retentive
                0x80020000        0x0 load address 0x000044c8
                0x80020000                        __ospi_device_0_non_retentive_start__ = .
 *(.ospi_device_0_non_retentive*)
                0x80020000                        __ospi_device_0_non_retentive_end__ = .
                0x00000000                        __ospi_device_0_non_retentive_size__ = (__ospi_device_0_non_retentive_end__ - __ospi_device_0_non_retentive_start__)
                0x08000000                        __ospi_device_0_region_max_size__ = 0x8000000
                0x80020000                        __ospi_device_0_region_start_address__ = __ospi_device_0_start__
                0x88020000                        __ospi_device_0_region_end_address__ = (__ospi_device_0_start__ + __ospi_device_0_region_max_size__)
                0x80020000                        __tz_OSPI_DEVICE_0_N = __ospi_device_0_non_retentive_end__
                0x80030000                        __tz_OSPI_DEVICE_1_S = ORIGIN (OSPI_DEVICE_1)

.OSPI_DEVICE_1  0x80030000        0x0
                0x80030000                        __ospi_device_1_start__ = .
 *(.ospi_device_1*)
 *(.code_in_ospi_device_1*)
                0x80030000                        __ospi_device_1_end__ = .
                0x00000000                        __ospi_device_1_code_size__ = (__ospi_device_1_end__ - __ospi_device_1_start__)
                0x000044c8                        __ospi_device_1_code_addr__ = (sgstubs_pre_location + (SIZEOF (.qspi_non_retentive) + SIZEOF (.ospi_device_0_non_retentive)))

.ospi_device_1_non_retentive
                0x80030000        0x0 load address 0x000044c8
                0x80030000                        __ospi_device_1_non_retentive_start__ = .
 *(.ospi_device_1_non_retentive*)
                0x80030000                        __ospi_device_1_non_retentive_end__ = .
                0x00000000                        __ospi_device_1_non_retentive_size__ = (__ospi_device_1_non_retentive_end__ - __ospi_device_1_non_retentive_start__)
                0x10000000                        __ospi_device_1_region_max_size__ = 0x10000000
                0x80030000                        __ospi_device_1_region_start_address__ = __ospi_device_1_start__
                0x90030000                        __ospi_device_1_region_end_address__ = (__ospi_device_1_start__ + __ospi_device_1_region_max_size__)
                0x80030000                        __tz_OSPI_DEVICE_1_N = __ospi_device_1_non_retentive_end__

.noinit         0x2000000c       0x1c
                0x2000000c                        . = ALIGN (0x4)
                0x2000000c                        __noinit_start = .
 *(.noinit*)
 .noinit        0x2000000c       0x1c ./ra/fsp/src/bsp/mcu/all/bsp_clocks.o
                0x20000028                        . = ALIGN (0x8)
 *(.heap.*)
                0x20000028                        __noinit_end = .

.bss            0x20000028     0x1e50
                0x20000028                        . = ALIGN (0x4)
                0x20000028                        __bss_start__ = .
 *(.bss*)
 .bss.completed.1
                0x20000028        0x1 C:/Renesas/RA/e2studio_v2024-07_fsp_v5.5.0/toolchains/gcc_arm/13.2.rel1/bin/../lib/gcc/arm-none-eabi/13.2.1/thumb/v8-m.main+fp/hard/crtbegin.o
 *fill*         0x20000029        0x3 
 .bss.object.0  0x2000002c       0x18 C:/Renesas/RA/e2studio_v2024-07_fsp_v5.5.0/toolchains/gcc_arm/13.2.rel1/bin/../lib/gcc/arm-none-eabi/13.2.1/thumb/v8-m.main+fp/hard/crtbegin.o
 .bss._acDownBuffer
                0x20000044       0x10 ./src/SEGGER_RTT/SEGGER_RTT.o
 .bss._acUpBuffer
                0x20000054      0x400 ./src/SEGGER_RTT/SEGGER_RTT.o
 .bss._SEGGER_RTT
                0x20000454       0xa8 ./src/SEGGER_RTT/SEGGER_RTT.o
                0x20000454                _SEGGER_RTT
 .bss.ppg_data  0x200004fc      0x320 ./src/i2c_sensor.o
                0x200004fc                ppg_data
 .bss.write_ptr_data_1
                0x2000081c        0x3 ./src/i2c_sensor.o
                0x2000081c                write_ptr_data_1
 *fill*         0x2000081f        0x1 
 .bss.g_ioport_ctrl
                0x20000820        0x8 ./ra_gen/common_data.o
                0x20000820                g_ioport_ctrl
 .bss.g_i2c_master0_ctrl
                0x20000828       0x40 ./ra_gen/hal_data.o
                0x20000828                g_i2c_master0_ctrl
 .bss.uxTimerTaskStack.3
                0x20000868      0x800 ./ra_gen/main.o
 .bss.xTimerTaskTCB.2
                0x20001068       0x60 ./ra_gen/main.o
 .bss.uxIdleTaskStack.1
                0x200010c8      0x800 ./ra_gen/main.o
 .bss.xIdleTaskTCB.0
                0x200018c8       0x60 ./ra_gen/main.o
 .bss.g_fsp_common_initialized_semaphore_memory
                0x20001928       0x48 ./ra_gen/main.o
                0x20001928                g_fsp_common_initialized_semaphore_memory
 .bss.g_fsp_common_initialized_semaphore
                0x20001970        0x4 ./ra_gen/main.o
                0x20001970                g_fsp_common_initialized_semaphore
 .bss.g_fsp_common_initialized
                0x20001974        0x1 ./ra_gen/main.o
                0x20001974                g_fsp_common_initialized
 *fill*         0x20001975        0x3 
 .bss.g_fsp_common_thread_count
                0x20001978        0x4 ./ra_gen/main.o
                0x20001978                g_fsp_common_thread_count
 .bss.new_thread0
                0x2000197c        0x4 ./ra_gen/new_thread0.o
                0x2000197c                new_thread0
 .bss.new_thread0_memory
                0x20001980       0x60 ./ra_gen/new_thread0.o
 .bss.new_thread1
                0x200019e0        0x4 ./ra_gen/new_thread1.o
                0x200019e0                new_thread1
 .bss.new_thread1_memory
                0x200019e4       0x60 ./ra_gen/new_thread1.o
 .bss.g_mask_level_before_disable
                0x20001a44        0x4 ./ra/fsp/src/rm_freertos_port/port.o
 .bss.uxCriticalNesting
                0x20001a48        0x4 ./ra/fsp/src/rm_freertos_port/port.o
 .bss.g_bsp_group_irq_sources
                0x20001a4c       0x38 ./ra/fsp/src/bsp/mcu/all/bsp_group_irq.o
                0x20001a4c                g_bsp_group_irq_sources
 .bss.g_protect_pfswe_counter
                0x20001a84        0x4 ./ra/fsp/src/bsp/mcu/all/bsp_io.o
                0x20001a84                g_protect_pfswe_counter
 .bss.gp_renesas_isr_context
                0x20001a88      0x180 ./ra/fsp/src/bsp/mcu/all/bsp_irq.o
                0x20001a88                gp_renesas_isr_context
 .bss.g_protect_counters
                0x20001c08        0x8 ./ra/fsp/src/bsp/mcu/all/bsp_register_protection.o
                0x20001c08                g_protect_counters
 .bss.SystemCoreClock
                0x20001c10        0x4 ./ra/fsp/src/bsp/cmsis/Device/RENESAS/Source/system.o
                0x20001c10                SystemCoreClock
 *fill*         0x20001c14        0x4 
 .bss.xQueueRegistry
                0x20001c18       0x50 ./ra/aws/FreeRTOS/FreeRTOS/Source/queue.o
                0x20001c18                xQueueRegistry
 .bss.uxSchedulerSuspended
                0x20001c68        0x4 ./ra/aws/FreeRTOS/FreeRTOS/Source/tasks.o
 .bss.xNextTaskUnblockTime
                0x20001c6c        0x4 ./ra/aws/FreeRTOS/FreeRTOS/Source/tasks.o
 .bss.uxTaskNumber
                0x20001c70        0x4 ./ra/aws/FreeRTOS/FreeRTOS/Source/tasks.o
 .bss.xNumOfOverflows
                0x20001c74        0x4 ./ra/aws/FreeRTOS/FreeRTOS/Source/tasks.o
 .bss.xYieldPending
                0x20001c78        0x4 ./ra/aws/FreeRTOS/FreeRTOS/Source/tasks.o
 .bss.xPendedTicks
                0x20001c7c        0x4 ./ra/aws/FreeRTOS/FreeRTOS/Source/tasks.o
 .bss.xSchedulerRunning
                0x20001c80        0x4 ./ra/aws/FreeRTOS/FreeRTOS/Source/tasks.o
 .bss.uxTopReadyPriority
                0x20001c84        0x4 ./ra/aws/FreeRTOS/FreeRTOS/Source/tasks.o
 .bss.xTickCount
                0x20001c88        0x4 ./ra/aws/FreeRTOS/FreeRTOS/Source/tasks.o
 .bss.uxCurrentNumberOfTasks
                0x20001c8c        0x4 ./ra/aws/FreeRTOS/FreeRTOS/Source/tasks.o
 .bss.xSuspendedTaskList
                0x20001c90       0x14 ./ra/aws/FreeRTOS/FreeRTOS/Source/tasks.o
 .bss.uxDeletedTasksWaitingCleanUp
                0x20001ca4        0x4 ./ra/aws/FreeRTOS/FreeRTOS/Source/tasks.o
 .bss.xTasksWaitingTermination
                0x20001ca8       0x14 ./ra/aws/FreeRTOS/FreeRTOS/Source/tasks.o
 .bss.xPendingReadyList
                0x20001cbc       0x14 ./ra/aws/FreeRTOS/FreeRTOS/Source/tasks.o
 .bss.pxOverflowDelayedTaskList
                0x20001cd0        0x4 ./ra/aws/FreeRTOS/FreeRTOS/Source/tasks.o
 .bss.pxDelayedTaskList
                0x20001cd4        0x4 ./ra/aws/FreeRTOS/FreeRTOS/Source/tasks.o
 .bss.xDelayedTaskList2
                0x20001cd8       0x14 ./ra/aws/FreeRTOS/FreeRTOS/Source/tasks.o
 .bss.xDelayedTaskList1
                0x20001cec       0x14 ./ra/aws/FreeRTOS/FreeRTOS/Source/tasks.o
 .bss.pxReadyTasksLists
                0x20001d00       0x78 ./ra/aws/FreeRTOS/FreeRTOS/Source/tasks.o
 .bss.pxCurrentTCB
                0x20001d78        0x4 ./ra/aws/FreeRTOS/FreeRTOS/Source/tasks.o
                0x20001d78                pxCurrentTCB
 .bss.xStaticTimerQueue.13
                0x20001d7c       0x48 ./ra/aws/FreeRTOS/FreeRTOS/Source/timers.o
 .bss.ucStaticTimerQueueStorage.14
                0x20001dc4       0x78 ./ra/aws/FreeRTOS/FreeRTOS/Source/timers.o
 .bss.xLastTime.16
                0x20001e3c        0x4 ./ra/aws/FreeRTOS/FreeRTOS/Source/timers.o
 .bss.xTimerTaskHandle
                0x20001e40        0x4 ./ra/aws/FreeRTOS/FreeRTOS/Source/timers.o
 .bss.xTimerQueue
                0x20001e44        0x4 ./ra/aws/FreeRTOS/FreeRTOS/Source/timers.o
 .bss.pxOverflowTimerList
                0x20001e48        0x4 ./ra/aws/FreeRTOS/FreeRTOS/Source/timers.o
 .bss.pxCurrentTimerList
                0x20001e4c        0x4 ./ra/aws/FreeRTOS/FreeRTOS/Source/timers.o
 .bss.xActiveTimerList2
                0x20001e50       0x14 ./ra/aws/FreeRTOS/FreeRTOS/Source/timers.o
 .bss.xActiveTimerList1
                0x20001e64       0x14 ./ra/aws/FreeRTOS/FreeRTOS/Source/timers.o
 *(COMMON)
                0x20001e78                        . = ALIGN (0x4)
                0x20001e78                        __bss_end__ = .

.heap           0x20001e78        0x0
                0x20001e78                        . = ALIGN (0x8)
                0x20001e78                        __HeapBase = .
 *(.heap)
                0x20001e78                        __HeapLimit = .

.stack_dummy    0x20001e78      0xc00
                0x20001e78                        . = ALIGN (0x8)
                0x20001e78                        __StackLimit = .
 *(.stack)
 .stack         0x20001e78      0x400 ./ra/fsp/src/bsp/cmsis/Device/RENESAS/Source/startup.o
                0x20002278                        __StackTop = .
 *(.stack*)
 .stack.new_thread0
                0x20002278      0x400 ./ra_gen/new_thread0.o
 .stack.new_thread1
                0x20002678      0x400 ./ra_gen/new_thread1.o
                0x20002a78                        __StackTopAll = .
                0x20002a78                        PROVIDE (__stack = __StackTopAll)
                0x20002a78                        __RAM_segment_used_end__ = ALIGN (__StackTopAll, 0x4)
                0x20002c00                        __tz_RAM_C = DEFINED (RAM_NSC_START)?ABSOLUTE ((RAM_NSC_START - RAM_NS_BUFFER_BLOCK_LENGTH)):__RESERVE_NS_RAM?ABSOLUTE (RAM_NS_BUFFER_BLOCK_START):ALIGN (__RAM_segment_used_end__, 0x400)
                0x20004000                        __tz_RAM_N = DEFINED (RAM_NS_START)?ABSOLUTE ((RAM_NS_START - RAM_NS_BUFFER_BLOCK_LENGTH)):__RESERVE_NS_RAM?ABSOLUTE (RAM_NS_BUFFER_BLOCK_START):ALIGN (__tz_RAM_C, 0x2000)

.ns_buffer      0x20002a78        0x0
                0x20002a78                        . = __RESERVE_NS_RAM?ABSOLUTE ((RAM_NS_BUFFER_START & 0xffffffe0)):.
 *(.ns_buffer*)

.data_flash     0x08000000        0x0
                0x08000000                        . = ORIGIN (DATA_FLASH)
                0x08000000                        __tz_DATA_FLASH_S = .
                0x08000000                        __Data_Flash_Start = .
 *(.data_flash*)
                0x08000000                        __Data_Flash_End = .
                0x08000000                        __tz_DATA_FLASH_N = DEFINED (DATA_FLASH_NS_START)?ABSOLUTE (DATA_FLASH_NS_START):__RESERVE_NS_RAM?ABSOLUTE ((DATA_FLASH_START + DATA_FLASH_LENGTH)):ALIGN (0x400)
                0x80010000                        __tz_SDRAM_S = ORIGIN (SDRAM)

.sdram          0x80010000        0x0
                0x80010000                        __SDRAM_Start = .
 *(.sdram*)
 *(.frame*)
                0x80010000                        __SDRAM_End = .
                0x80010000                        __tz_SDRAM_N = __SDRAM_End
                0x00000000                        __tz_ID_CODE_S = ORIGIN (ID_CODE)
                0x00000000                        __tz_ID_CODE_N = __tz_ID_CODE_S

.id_code        0x00000000        0x0
                0x00000000                        __ID_Code_Start = .
 *(.id_code*)
                0x00000000                        __ID_Code_End = .
                0x0100a100                        __tz_OPTION_SETTING_S = ORIGIN (OPTION_SETTING_OFS)

.option_setting_ofs
                0x0100a100       0x10
                0x0100a100                        __OPTION_SETTING_OFS_Start = .
 *(.option_setting_ofs0)
 .option_setting_ofs0
                0x0100a100        0x4 ./ra/fsp/src/bsp/mcu/all/bsp_rom_registers.o
                0x0100a104                        . = PROJECT_SECURE_OR_FLAT?(__OPTION_SETTING_OFS_Start + 0x4):__OPTION_SETTING_OFS_Start
 *(.option_setting_ofs2)
                0x0100a110                        . = PROJECT_SECURE_OR_FLAT?(__OPTION_SETTING_OFS_Start + 0x10):__OPTION_SETTING_OFS_Start
 *fill*         0x0100a104        0xc ff
 *(.option_setting_dualsel)
                0x0100a110                        __OPTION_SETTING_OFS_End = .

.option_setting_sas
                0x0100a134        0x4
                0x0100a134                        __OPTION_SETTING_SAS_Start = .
 *(.option_setting_sas)
 .option_setting_sas
                0x0100a134        0x4 ./ra/fsp/src/bsp/mcu/all/bsp_rom_registers.o
                0x0100a138                        __OPTION_SETTING_SAS_End = .
                0x0100a180                        __tz_OPTION_SETTING_N = ABSOLUTE (OPTION_SETTING_START_NS)

.option_setting_ns
                0x0100a100        0x0
                0x0100a100                        __OPTION_SETTING_NS_Start = .
 *(.option_setting_ofs1)
                0x0100a100                        . = USE_OPTION_SETTING_NS?(__OPTION_SETTING_NS_Start + 0x4):__OPTION_SETTING_NS_Start
 *(.option_setting_ofs3)
                0x0100a100                        . = USE_OPTION_SETTING_NS?(__OPTION_SETTING_NS_Start + 0x10):__OPTION_SETTING_NS_Start
 *(.option_setting_banksel)
                0x0100a100                        . = USE_OPTION_SETTING_NS?(__OPTION_SETTING_NS_Start + 0x40):__OPTION_SETTING_NS_Start
 *(.option_setting_bps0)
                0x0100a100                        . = USE_OPTION_SETTING_NS?(__OPTION_SETTING_NS_Start + 0x44):__OPTION_SETTING_NS_Start
 *(.option_setting_bps1)
                0x0100a100                        . = USE_OPTION_SETTING_NS?(__OPTION_SETTING_NS_Start + 0x48):__OPTION_SETTING_NS_Start
 *(.option_setting_bps2)
                0x0100a100                        . = USE_OPTION_SETTING_NS?(__OPTION_SETTING_NS_Start + 0x4c):__OPTION_SETTING_NS_Start
 *(.option_setting_bps3)
                0x0100a100                        . = USE_OPTION_SETTING_NS?(__OPTION_SETTING_NS_Start + 0x60):__OPTION_SETTING_NS_Start
 *(.option_setting_pbps0)
                0x0100a100                        . = USE_OPTION_SETTING_NS?(__OPTION_SETTING_NS_Start + 0x64):__OPTION_SETTING_NS_Start
 *(.option_setting_pbps1)
                0x0100a100                        . = USE_OPTION_SETTING_NS?(__OPTION_SETTING_NS_Start + 0x68):__OPTION_SETTING_NS_Start
 *(.option_setting_pbps2)
                0x0100a100                        . = USE_OPTION_SETTING_NS?(__OPTION_SETTING_NS_Start + 0x6c):__OPTION_SETTING_NS_Start
 *(.option_setting_pbps3)
                0x0100a100                        __OPTION_SETTING_NS_End = .
                0x0100a200                        __tz_OPTION_SETTING_S_S = ORIGIN (OPTION_SETTING_S)

.option_setting_s
                0x0100a200       0xd0
                0x0100a200                        __OPTION_SETTING_S_Start = .
 *(.option_setting_ofs1_sec)
 .option_setting_ofs1_sec
                0x0100a200        0x4 ./ra/fsp/src/bsp/mcu/all/bsp_rom_registers.o
                0x0100a204                        . = PROJECT_SECURE_OR_FLAT?(__OPTION_SETTING_S_Start + 0x4):__OPTION_SETTING_S_Start
 *(.option_setting_ofs3_sec)
                0x0100a210                        . = PROJECT_SECURE_OR_FLAT?(__OPTION_SETTING_S_Start + 0x10):__OPTION_SETTING_S_Start
 *fill*         0x0100a204        0xc ff
 *(.option_setting_banksel_sec)
 .option_setting_banksel_sec
                0x0100a210        0x4 ./ra/fsp/src/bsp/mcu/all/bsp_rom_registers.o
                0x0100a240                        . = PROJECT_SECURE_OR_FLAT?(__OPTION_SETTING_S_Start + 0x40):__OPTION_SETTING_S_Start
 *fill*         0x0100a214       0x2c ff
 *(.option_setting_bps_sec0)
 .option_setting_bps_sec0
                0x0100a240        0x4 ./ra/fsp/src/bsp/mcu/all/bsp_rom_registers.o
                0x0100a244                        . = PROJECT_SECURE_OR_FLAT?(__OPTION_SETTING_S_Start + 0x44):__OPTION_SETTING_S_Start
 *(.option_setting_bps_sec1)
 .option_setting_bps_sec1
                0x0100a244        0x4 ./ra/fsp/src/bsp/mcu/all/bsp_rom_registers.o
                0x0100a248                        . = PROJECT_SECURE_OR_FLAT?(__OPTION_SETTING_S_Start + 0x48):__OPTION_SETTING_S_Start
 *(.option_setting_bps_sec2)
 .option_setting_bps_sec2
                0x0100a248        0x4 ./ra/fsp/src/bsp/mcu/all/bsp_rom_registers.o
                0x0100a24c                        . = PROJECT_SECURE_OR_FLAT?(__OPTION_SETTING_S_Start + 0x4c):__OPTION_SETTING_S_Start
 *(.option_setting_bps_sec3)
 .option_setting_bps_sec3
                0x0100a24c        0x4 ./ra/fsp/src/bsp/mcu/all/bsp_rom_registers.o
                0x0100a260                        . = PROJECT_SECURE_OR_FLAT?(__OPTION_SETTING_S_Start + 0x60):__OPTION_SETTING_S_Start
 *fill*         0x0100a250       0x10 ff
 *(.option_setting_pbps_sec0)
 .option_setting_pbps_sec0
                0x0100a260        0x4 ./ra/fsp/src/bsp/mcu/all/bsp_rom_registers.o
                0x0100a264                        . = PROJECT_SECURE_OR_FLAT?(__OPTION_SETTING_S_Start + 0x64):__OPTION_SETTING_S_Start
 *(.option_setting_pbps_sec1)
 .option_setting_pbps_sec1
                0x0100a264        0x4 ./ra/fsp/src/bsp/mcu/all/bsp_rom_registers.o
                0x0100a268                        . = PROJECT_SECURE_OR_FLAT?(__OPTION_SETTING_S_Start + 0x68):__OPTION_SETTING_S_Start
 *(.option_setting_pbps_sec2)
 .option_setting_pbps_sec2
                0x0100a268        0x4 ./ra/fsp/src/bsp/mcu/all/bsp_rom_registers.o
                0x0100a26c                        . = PROJECT_SECURE_OR_FLAT?(__OPTION_SETTING_S_Start + 0x6c):__OPTION_SETTING_S_Start
 *(.option_setting_pbps_sec3)
 .option_setting_pbps_sec3
                0x0100a26c        0x4 ./ra/fsp/src/bsp/mcu/all/bsp_rom_registers.o
                0x0100a280                        . = PROJECT_SECURE_OR_FLAT?(__OPTION_SETTING_S_Start + 0x80):__OPTION_SETTING_S_Start
 *fill*         0x0100a270       0x10 ff
 *(.option_setting_ofs1_sel)
 .option_setting_ofs1_sel
                0x0100a280        0x4 ./ra/fsp/src/bsp/mcu/all/bsp_rom_registers.o
                0x0100a284                        . = PROJECT_SECURE_OR_FLAT?(__OPTION_SETTING_S_Start + 0x84):__OPTION_SETTING_S_Start
 *(.option_setting_ofs3_sel)
                0x0100a290                        . = PROJECT_SECURE_OR_FLAT?(__OPTION_SETTING_S_Start + 0x90):__OPTION_SETTING_S_Start
 *fill*         0x0100a284        0xc ff
 *(.option_setting_banksel_sel)
                0x0100a2c0                        . = PROJECT_SECURE_OR_FLAT?(__OPTION_SETTING_S_Start + 0xc0):__OPTION_SETTING_S_Start
 *fill*         0x0100a290       0x30 ff
 *(.option_setting_bps_sel0)
 .option_setting_bps_sel0
                0x0100a2c0        0x4 ./ra/fsp/src/bsp/mcu/all/bsp_rom_registers.o
                0x0100a2c4                        . = PROJECT_SECURE_OR_FLAT?(__OPTION_SETTING_S_Start + 0xc4):__OPTION_SETTING_S_Start
 *(.option_setting_bps_sel1)
 .option_setting_bps_sel1
                0x0100a2c4        0x4 ./ra/fsp/src/bsp/mcu/all/bsp_rom_registers.o
                0x0100a2c8                        . = PROJECT_SECURE_OR_FLAT?(__OPTION_SETTING_S_Start + 0xc8):__OPTION_SETTING_S_Start
 *(.option_setting_bps_sel2)
 .option_setting_bps_sel2
                0x0100a2c8        0x4 ./ra/fsp/src/bsp/mcu/all/bsp_rom_registers.o
                0x0100a2cc                        . = PROJECT_SECURE_OR_FLAT?(__OPTION_SETTING_S_Start + 0xcc):__OPTION_SETTING_S_Start
 *(.option_setting_bps_sel3)
 .option_setting_bps_sel3
                0x0100a2cc        0x4 ./ra/fsp/src/bsp/mcu/all/bsp_rom_registers.o
                0x0100a2d0                        __OPTION_SETTING_S_End = .
                0x0100a2d0                        __tz_OPTION_SETTING_S_N = __OPTION_SETTING_S_End
OUTPUT(RTOS_project_1.elf elf32-littlearm)
LOAD linker stubs

.rel.dyn        0x0100a2d0        0x0
 .rel.iplt      0x0100a2d0        0x0 C:/Renesas/RA/e2studio_v2024-07_fsp_v5.5.0/toolchains/gcc_arm/13.2.rel1/bin/../lib/gcc/arm-none-eabi/13.2.1/thumb/v8-m.main+fp/hard/crtbegin.o

.ARM.attributes
                0x00000000       0x36
 .ARM.attributes
                0x00000000       0x26 C:/Renesas/RA/e2studio_v2024-07_fsp_v5.5.0/toolchains/gcc_arm/13.2.rel1/bin/../lib/gcc/arm-none-eabi/13.2.1/thumb/v8-m.main+fp/hard/crti.o
 .ARM.attributes
                0x00000026       0x38 C:/Renesas/RA/e2studio_v2024-07_fsp_v5.5.0/toolchains/gcc_arm/13.2.rel1/bin/../lib/gcc/arm-none-eabi/13.2.1/thumb/v8-m.main+fp/hard/crtbegin.o
 .ARM.attributes
                0x0000005e       0x3a ./src/SEGGER_RTT/SEGGER_RTT.o
 .ARM.attributes
                0x00000098       0x3a ./src/SEGGER_RTT/SEGGER_RTT_printf.o
 .ARM.attributes
                0x000000d2       0x3a ./src/hal_entry.o
 .ARM.attributes
                0x0000010c       0x3a ./src/i2c_sensor.o
 .ARM.attributes
                0x00000146       0x3a ./src/new_thread0_entry.o
 .ARM.attributes
                0x00000180       0x3a ./src/new_thread1_entry.o
 .ARM.attributes
                0x000001ba       0x3a ./ra_gen/common_data.o
 .ARM.attributes
                0x000001f4       0x3a ./ra_gen/hal_data.o
 .ARM.attributes
                0x0000022e       0x3a ./ra_gen/main.o
 .ARM.attributes
                0x00000268       0x3a ./ra_gen/new_thread0.o
 .ARM.attributes
                0x000002a2       0x3a ./ra_gen/new_thread1.o
 .ARM.attributes
                0x000002dc       0x3a ./ra_gen/pin_data.o
 .ARM.attributes
                0x00000316       0x3a ./ra_gen/vector_data.o
 .ARM.attributes
                0x00000350       0x3a ./ra/fsp/src/rm_freertos_port/port.o
 .ARM.attributes
                0x0000038a       0x3a ./ra/fsp/src/r_ioport/r_ioport.o
 .ARM.attributes
                0x000003c4       0x3a ./ra/fsp/src/r_iic_master/r_iic_master.o
 .ARM.attributes
                0x000003fe       0x3a ./ra/fsp/src/bsp/mcu/all/bsp_clocks.o
 .ARM.attributes
                0x00000438       0x3a ./ra/fsp/src/bsp/mcu/all/bsp_common.o
 .ARM.attributes
                0x00000472       0x3a ./ra/fsp/src/bsp/mcu/all/bsp_delay.o
 .ARM.attributes
                0x000004ac       0x3a ./ra/fsp/src/bsp/mcu/all/bsp_group_irq.o
 .ARM.attributes
                0x000004e6       0x3a ./ra/fsp/src/bsp/mcu/all/bsp_io.o
 .ARM.attributes
                0x00000520       0x3a ./ra/fsp/src/bsp/mcu/all/bsp_irq.o
 .ARM.attributes
                0x0000055a       0x3a ./ra/fsp/src/bsp/mcu/all/bsp_register_protection.o
 .ARM.attributes
                0x00000594       0x3a ./ra/fsp/src/bsp/mcu/all/bsp_rom_registers.o
 .ARM.attributes
                0x000005ce       0x3a ./ra/fsp/src/bsp/cmsis/Device/RENESAS/Source/startup.o
 .ARM.attributes
                0x00000608       0x3a ./ra/fsp/src/bsp/cmsis/Device/RENESAS/Source/system.o
 .ARM.attributes
                0x00000642       0x3a ./ra/board/ra4e1_fpb/board_init.o
 .ARM.attributes
                0x0000067c       0x3a ./ra/aws/FreeRTOS/FreeRTOS/Source/list.o
 .ARM.attributes
                0x000006b6       0x3a ./ra/aws/FreeRTOS/FreeRTOS/Source/queue.o
 .ARM.attributes
                0x000006f0       0x3a ./ra/aws/FreeRTOS/FreeRTOS/Source/tasks.o
 .ARM.attributes
                0x0000072a       0x3a ./ra/aws/FreeRTOS/FreeRTOS/Source/timers.o
 .ARM.attributes
                0x00000764       0x38 C:/Renesas/RA/e2studio_v2024-07_fsp_v5.5.0/toolchains/gcc_arm/13.2.rel1/bin/../lib/gcc/arm-none-eabi/13.2.1/thumb/v8-m.main+fp/hard\libg_nano.a(libc_a-memset.o)
 .ARM.attributes
                0x0000079c       0x38 C:/Renesas/RA/e2studio_v2024-07_fsp_v5.5.0/toolchains/gcc_arm/13.2.rel1/bin/../lib/gcc/arm-none-eabi/13.2.1/thumb/v8-m.main+fp/hard\libg_nano.a(libc_a-memcpy-stub.o)
 .ARM.attributes
                0x000007d4       0x24 C:/Renesas/RA/e2studio_v2024-07_fsp_v5.5.0/toolchains/gcc_arm/13.2.rel1/bin/../lib/gcc/arm-none-eabi/13.2.1/thumb/v8-m.main+fp/hard\libg_nano.a(libc_a-strlen.o)
 .ARM.attributes
                0x000007f8       0x38 C:/Renesas/RA/e2studio_v2024-07_fsp_v5.5.0/toolchains/gcc_arm/13.2.rel1/bin/../lib/gcc/arm-none-eabi/13.2.1/thumb/v8-m.main+fp/hard/crtend.o
 .ARM.attributes
                0x00000830       0x26 C:/Renesas/RA/e2studio_v2024-07_fsp_v5.5.0/toolchains/gcc_arm/13.2.rel1/bin/../lib/gcc/arm-none-eabi/13.2.1/thumb/v8-m.main+fp/hard/crtn.o

.comment        0x00000000       0x44
 .comment       0x00000000       0x44 ./src/SEGGER_RTT/SEGGER_RTT.o
                                 0x45 (size before relaxing)
 .comment       0x00000044       0x45 ./src/SEGGER_RTT/SEGGER_RTT_printf.o
 .comment       0x00000044       0x45 ./src/hal_entry.o
 .comment       0x00000044       0x45 ./src/i2c_sensor.o
 .comment       0x00000044       0x45 ./src/new_thread0_entry.o
 .comment       0x00000044       0x45 ./src/new_thread1_entry.o
 .comment       0x00000044       0x45 ./ra_gen/common_data.o
 .comment       0x00000044       0x45 ./ra_gen/hal_data.o
 .comment       0x00000044       0x45 ./ra_gen/main.o
 .comment       0x00000044       0x45 ./ra_gen/new_thread0.o
 .comment       0x00000044       0x45 ./ra_gen/new_thread1.o
 .comment       0x00000044       0x45 ./ra_gen/pin_data.o
 .comment       0x00000044       0x45 ./ra_gen/vector_data.o
 .comment       0x00000044       0x45 ./ra/fsp/src/rm_freertos_port/port.o
 .comment       0x00000044       0x45 ./ra/fsp/src/r_ioport/r_ioport.o
 .comment       0x00000044       0x45 ./ra/fsp/src/r_iic_master/r_iic_master.o
 .comment       0x00000044       0x45 ./ra/fsp/src/bsp/mcu/all/bsp_clocks.o
 .comment       0x00000044       0x45 ./ra/fsp/src/bsp/mcu/all/bsp_common.o
 .comment       0x00000044       0x45 ./ra/fsp/src/bsp/mcu/all/bsp_delay.o
 .comment       0x00000044       0x45 ./ra/fsp/src/bsp/mcu/all/bsp_group_irq.o
 .comment       0x00000044       0x45 ./ra/fsp/src/bsp/mcu/all/bsp_io.o
 .comment       0x00000044       0x45 ./ra/fsp/src/bsp/mcu/all/bsp_irq.o
 .comment       0x00000044       0x45 ./ra/fsp/src/bsp/mcu/all/bsp_register_protection.o
 .comment       0x00000044       0x45 ./ra/fsp/src/bsp/mcu/all/bsp_rom_registers.o
 .comment       0x00000044       0x45 ./ra/fsp/src/bsp/cmsis/Device/RENESAS/Source/startup.o
 .comment       0x00000044       0x45 ./ra/fsp/src/bsp/cmsis/Device/RENESAS/Source/system.o
 .comment       0x00000044       0x45 ./ra/board/ra4e1_fpb/board_init.o
 .comment       0x00000044       0x45 ./ra/aws/FreeRTOS/FreeRTOS/Source/list.o
 .comment       0x00000044       0x45 ./ra/aws/FreeRTOS/FreeRTOS/Source/queue.o
 .comment       0x00000044       0x45 ./ra/aws/FreeRTOS/FreeRTOS/Source/tasks.o
 .comment       0x00000044       0x45 ./ra/aws/FreeRTOS/FreeRTOS/Source/timers.o

.debug_info     0x00000000    0x3857a
 .debug_info    0x00000000     0x2190 ./src/SEGGER_RTT/SEGGER_RTT.o
 .debug_info    0x00002190      0x6cd ./src/SEGGER_RTT/SEGGER_RTT_printf.o
 .debug_info    0x0000285d      0xfd8 ./src/hal_entry.o
 .debug_info    0x00003835     0x2b64 ./src/i2c_sensor.o
 .debug_info    0x00006399     0x17c2 ./src/new_thread0_entry.o
 .debug_info    0x00007b5b      0xff1 ./src/new_thread1_entry.o
 .debug_info    0x00008b4c     0x121f ./ra_gen/common_data.o
 .debug_info    0x00009d6b     0x1c24 ./ra_gen/hal_data.o
 .debug_info    0x0000b98f      0x63e ./ra_gen/main.o
 .debug_info    0x0000bfcd      0x3e8 ./ra_gen/new_thread0.o
 .debug_info    0x0000c3b5      0x3e8 ./ra_gen/new_thread1.o
 .debug_info    0x0000c79d      0xa21 ./ra_gen/pin_data.o
 .debug_info    0x0000d1be      0x4b5 ./ra_gen/vector_data.o
 .debug_info    0x0000d673     0x4972 ./ra/fsp/src/rm_freertos_port/port.o
 .debug_info    0x00011fe5     0x771f ./ra/fsp/src/r_ioport/r_ioport.o
 .debug_info    0x00019704     0x856e ./ra/fsp/src/r_iic_master/r_iic_master.o
 .debug_info    0x00021c72     0x53f3 ./ra/fsp/src/bsp/mcu/all/bsp_clocks.o
 .debug_info    0x00027065      0x93b ./ra/fsp/src/bsp/mcu/all/bsp_common.o
 .debug_info    0x000279a0      0x1e2 ./ra/fsp/src/bsp/mcu/all/bsp_delay.o
 .debug_info    0x00027b82     0x132f ./ra/fsp/src/bsp/mcu/all/bsp_group_irq.o
 .debug_info    0x00028eb1       0xb2 ./ra/fsp/src/bsp/mcu/all/bsp_io.o
 .debug_info    0x00028f63     0x1bcf ./ra/fsp/src/bsp/mcu/all/bsp_irq.o
 .debug_info    0x0002ab32     0x390c ./ra/fsp/src/bsp/mcu/all/bsp_register_protection.o
 .debug_info    0x0002e43e      0x1b8 ./ra/fsp/src/bsp/mcu/all/bsp_rom_registers.o
 .debug_info    0x0002e5f6      0x168 ./ra/fsp/src/bsp/cmsis/Device/RENESAS/Source/startup.o
 .debug_info    0x0002e75e      0xffe ./ra/fsp/src/bsp/cmsis/Device/RENESAS/Source/system.o
 .debug_info    0x0002f75c       0xa5 ./ra/board/ra4e1_fpb/board_init.o
 .debug_info    0x0002f801      0x2c6 ./ra/aws/FreeRTOS/FreeRTOS/Source/list.o
 .debug_info    0x0002fac7     0x30b0 ./ra/aws/FreeRTOS/FreeRTOS/Source/queue.o
 .debug_info    0x00032b77     0x39c8 ./ra/aws/FreeRTOS/FreeRTOS/Source/tasks.o
 .debug_info    0x0003653f     0x203b ./ra/aws/FreeRTOS/FreeRTOS/Source/timers.o

.debug_abbrev   0x00000000     0x4f48
 .debug_abbrev  0x00000000      0x37d ./src/SEGGER_RTT/SEGGER_RTT.o
 .debug_abbrev  0x0000037d      0x2b7 ./src/SEGGER_RTT/SEGGER_RTT_printf.o
 .debug_abbrev  0x00000634      0x16c ./src/hal_entry.o
 .debug_abbrev  0x000007a0      0x4ff ./src/i2c_sensor.o
 .debug_abbrev  0x00000c9f      0x34b ./src/new_thread0_entry.o
 .debug_abbrev  0x00000fea      0x2d4 ./src/new_thread1_entry.o
 .debug_abbrev  0x000012be      0x133 ./ra_gen/common_data.o
 .debug_abbrev  0x000013f1      0x2ad ./ra_gen/hal_data.o
 .debug_abbrev  0x0000169e      0x1f6 ./ra_gen/main.o
 .debug_abbrev  0x00001894      0x1e1 ./ra_gen/new_thread0.o
 .debug_abbrev  0x00001a75      0x1e1 ./ra_gen/new_thread1.o
 .debug_abbrev  0x00001c56       0xff ./ra_gen/pin_data.o
 .debug_abbrev  0x00001d55       0xbd ./ra_gen/vector_data.o
 .debug_abbrev  0x00001e12      0x426 ./ra/fsp/src/rm_freertos_port/port.o
 .debug_abbrev  0x00002238      0x4a6 ./ra/fsp/src/r_ioport/r_ioport.o
 .debug_abbrev  0x000026de      0x61b ./ra/fsp/src/r_iic_master/r_iic_master.o
 .debug_abbrev  0x00002cf9      0x3e3 ./ra/fsp/src/bsp/mcu/all/bsp_clocks.o
 .debug_abbrev  0x000030dc      0x188 ./ra/fsp/src/bsp/mcu/all/bsp_common.o
 .debug_abbrev  0x00003264      0x113 ./ra/fsp/src/bsp/mcu/all/bsp_delay.o
 .debug_abbrev  0x00003377      0x256 ./ra/fsp/src/bsp/mcu/all/bsp_group_irq.o
 .debug_abbrev  0x000035cd       0x5e ./ra/fsp/src/bsp/mcu/all/bsp_io.o
 .debug_abbrev  0x0000362b      0x28a ./ra/fsp/src/bsp/mcu/all/bsp_irq.o
 .debug_abbrev  0x000038b5      0x27d ./ra/fsp/src/bsp/mcu/all/bsp_register_protection.o
 .debug_abbrev  0x00003b32       0x4e ./ra/fsp/src/bsp/mcu/all/bsp_rom_registers.o
 .debug_abbrev  0x00003b80       0xf5 ./ra/fsp/src/bsp/cmsis/Device/RENESAS/Source/startup.o
 .debug_abbrev  0x00003c75      0x2eb ./ra/fsp/src/bsp/cmsis/Device/RENESAS/Source/system.o
 .debug_abbrev  0x00003f60       0x5b ./ra/board/ra4e1_fpb/board_init.o
 .debug_abbrev  0x00003fbb      0x10a ./ra/aws/FreeRTOS/FreeRTOS/Source/list.o
 .debug_abbrev  0x000040c5      0x4b8 ./ra/aws/FreeRTOS/FreeRTOS/Source/queue.o
 .debug_abbrev  0x0000457d      0x532 ./ra/aws/FreeRTOS/FreeRTOS/Source/tasks.o
 .debug_abbrev  0x00004aaf      0x499 ./ra/aws/FreeRTOS/FreeRTOS/Source/timers.o

.debug_loclists
                0x00000000     0x9078
 .debug_loclists
                0x00000000     0x1d95 ./src/SEGGER_RTT/SEGGER_RTT.o
 .debug_loclists
                0x00001d95      0x644 ./src/SEGGER_RTT/SEGGER_RTT_printf.o
 .debug_loclists
                0x000023d9       0x29 ./src/hal_entry.o
 .debug_loclists
                0x00002402      0x5e8 ./src/i2c_sensor.o
 .debug_loclists
                0x000029ea       0xfd ./src/new_thread0_entry.o
 .debug_loclists
                0x00002ae7       0xe0 ./src/new_thread1_entry.o
 .debug_loclists
                0x00002bc7       0x20 ./ra_gen/main.o
 .debug_loclists
                0x00002be7       0x37 ./ra_gen/new_thread0.o
 .debug_loclists
                0x00002c1e       0x37 ./ra_gen/new_thread1.o
 .debug_loclists
                0x00002c55      0x2d9 ./ra/fsp/src/rm_freertos_port/port.o
 .debug_loclists
                0x00002f2e      0x7c8 ./ra/fsp/src/r_ioport/r_ioport.o
 .debug_loclists
                0x000036f6      0xc96 ./ra/fsp/src/r_iic_master/r_iic_master.o
 .debug_loclists
                0x0000438c      0x206 ./ra/fsp/src/bsp/mcu/all/bsp_clocks.o
 .debug_loclists
                0x00004592       0x20 ./ra/fsp/src/bsp/mcu/all/bsp_common.o
 .debug_loclists
                0x000045b2      0x11c ./ra/fsp/src/bsp/mcu/all/bsp_delay.o
 .debug_loclists
                0x000046ce       0x73 ./ra/fsp/src/bsp/mcu/all/bsp_group_irq.o
 .debug_loclists
                0x00004741       0xad ./ra/fsp/src/bsp/mcu/all/bsp_irq.o
 .debug_loclists
                0x000047ee       0xa7 ./ra/fsp/src/bsp/mcu/all/bsp_register_protection.o
 .debug_loclists
                0x00004895       0xa2 ./ra/fsp/src/bsp/cmsis/Device/RENESAS/Source/system.o
 .debug_loclists
                0x00004937       0x6e ./ra/aws/FreeRTOS/FreeRTOS/Source/list.o
 .debug_loclists
                0x000049a5     0x1aad ./ra/aws/FreeRTOS/FreeRTOS/Source/queue.o
 .debug_loclists
                0x00006452     0x1dbd ./ra/aws/FreeRTOS/FreeRTOS/Source/tasks.o
 .debug_loclists
                0x0000820f      0xe69 ./ra/aws/FreeRTOS/FreeRTOS/Source/timers.o

.debug_aranges  0x00000000      0xa20
 .debug_aranges
                0x00000000      0x128 ./src/SEGGER_RTT/SEGGER_RTT.o
 .debug_aranges
                0x00000128       0x38 ./src/SEGGER_RTT/SEGGER_RTT_printf.o
 .debug_aranges
                0x00000160       0x28 ./src/hal_entry.o
 .debug_aranges
                0x00000188       0x78 ./src/i2c_sensor.o
 .debug_aranges
                0x00000200       0x20 ./src/new_thread0_entry.o
 .debug_aranges
                0x00000220       0x20 ./src/new_thread1_entry.o
 .debug_aranges
                0x00000240       0x20 ./ra_gen/common_data.o
 .debug_aranges
                0x00000260       0x20 ./ra_gen/hal_data.o
 .debug_aranges
                0x00000280       0x40 ./ra_gen/main.o
 .debug_aranges
                0x000002c0       0x28 ./ra_gen/new_thread0.o
 .debug_aranges
                0x000002e8       0x28 ./ra_gen/new_thread1.o
 .debug_aranges
                0x00000310       0x18 ./ra_gen/pin_data.o
 .debug_aranges
                0x00000328       0x18 ./ra_gen/vector_data.o
 .debug_aranges
                0x00000340       0x90 ./ra/fsp/src/rm_freertos_port/port.o
 .debug_aranges
                0x000003d0       0x90 ./ra/fsp/src/r_ioport/r_ioport.o
 .debug_aranges
                0x00000460       0x90 ./ra/fsp/src/r_iic_master/r_iic_master.o
 .debug_aranges
                0x000004f0       0x60 ./ra/fsp/src/bsp/mcu/all/bsp_clocks.o
 .debug_aranges
                0x00000550       0x30 ./ra/fsp/src/bsp/mcu/all/bsp_common.o
 .debug_aranges
                0x00000580       0x28 ./ra/fsp/src/bsp/mcu/all/bsp_delay.o
 .debug_aranges
                0x000005a8       0x28 ./ra/fsp/src/bsp/mcu/all/bsp_group_irq.o
 .debug_aranges
                0x000005d0       0x18 ./ra/fsp/src/bsp/mcu/all/bsp_io.o
 .debug_aranges
                0x000005e8       0x20 ./ra/fsp/src/bsp/mcu/all/bsp_irq.o
 .debug_aranges
                0x00000608       0x28 ./ra/fsp/src/bsp/mcu/all/bsp_register_protection.o
 .debug_aranges
                0x00000630       0x18 ./ra/fsp/src/bsp/mcu/all/bsp_rom_registers.o
 .debug_aranges
                0x00000648       0x28 ./ra/fsp/src/bsp/cmsis/Device/RENESAS/Source/startup.o
 .debug_aranges
                0x00000670       0x28 ./ra/fsp/src/bsp/cmsis/Device/RENESAS/Source/system.o
 .debug_aranges
                0x00000698       0x20 ./ra/board/ra4e1_fpb/board_init.o
 .debug_aranges
                0x000006b8       0x40 ./ra/aws/FreeRTOS/FreeRTOS/Source/list.o
 .debug_aranges
                0x000006f8       0xf0 ./ra/aws/FreeRTOS/FreeRTOS/Source/queue.o
 .debug_aranges
                0x000007e8      0x190 ./ra/aws/FreeRTOS/FreeRTOS/Source/tasks.o
 .debug_aranges
                0x00000978       0xa8 ./ra/aws/FreeRTOS/FreeRTOS/Source/timers.o

.debug_rnglists
                0x00000000     0x146f
 .debug_rnglists
                0x00000000      0x2c9 ./src/SEGGER_RTT/SEGGER_RTT.o
 .debug_rnglists
                0x000002c9       0x4c ./src/SEGGER_RTT/SEGGER_RTT_printf.o
 .debug_rnglists
                0x00000315       0x19 ./src/hal_entry.o
 .debug_rnglists
                0x0000032e      0x15e ./src/i2c_sensor.o
 .debug_rnglists
                0x0000048c       0x51 ./src/new_thread0_entry.o
 .debug_rnglists
                0x000004dd       0x43 ./src/new_thread1_entry.o
 .debug_rnglists
                0x00000520       0x13 ./ra_gen/common_data.o
 .debug_rnglists
                0x00000533       0x13 ./ra_gen/hal_data.o
 .debug_rnglists
                0x00000546       0x2b ./ra_gen/main.o
 .debug_rnglists
                0x00000571       0x19 ./ra_gen/new_thread0.o
 .debug_rnglists
                0x0000058a       0x19 ./ra_gen/new_thread1.o
 .debug_rnglists
                0x000005a3      0x115 ./ra/fsp/src/rm_freertos_port/port.o
 .debug_rnglists
                0x000006b8       0xbc ./ra/fsp/src/r_ioport/r_ioport.o
 .debug_rnglists
                0x00000774      0x30b ./ra/fsp/src/r_iic_master/r_iic_master.o
 .debug_rnglists
                0x00000a7f       0xb2 ./ra/fsp/src/bsp/mcu/all/bsp_clocks.o
 .debug_rnglists
                0x00000b31       0x1f ./ra/fsp/src/bsp/mcu/all/bsp_common.o
 .debug_rnglists
                0x00000b50       0x2e ./ra/fsp/src/bsp/mcu/all/bsp_delay.o
 .debug_rnglists
                0x00000b7e       0x37 ./ra/fsp/src/bsp/mcu/all/bsp_group_irq.o
 .debug_rnglists
                0x00000bb5       0x41 ./ra/fsp/src/bsp/mcu/all/bsp_irq.o
 .debug_rnglists
                0x00000bf6       0x31 ./ra/fsp/src/bsp/mcu/all/bsp_register_protection.o
 .debug_rnglists
                0x00000c27       0x19 ./ra/fsp/src/bsp/cmsis/Device/RENESAS/Source/startup.o
 .debug_rnglists
                0x00000c40       0x35 ./ra/fsp/src/bsp/cmsis/Device/RENESAS/Source/system.o
 .debug_rnglists
                0x00000c75       0x13 ./ra/board/ra4e1_fpb/board_init.o
 .debug_rnglists
                0x00000c88       0x2b ./ra/aws/FreeRTOS/FreeRTOS/Source/list.o
 .debug_rnglists
                0x00000cb3      0x288 ./ra/aws/FreeRTOS/FreeRTOS/Source/queue.o
 .debug_rnglists
                0x00000f3b      0x3bb ./ra/aws/FreeRTOS/FreeRTOS/Source/tasks.o
 .debug_rnglists
                0x000012f6      0x179 ./ra/aws/FreeRTOS/FreeRTOS/Source/timers.o

.debug_line     0x00000000     0xf80f
 .debug_line    0x00000000     0x173c ./src/SEGGER_RTT/SEGGER_RTT.o
 .debug_line    0x0000173c      0x790 ./src/SEGGER_RTT/SEGGER_RTT_printf.o
 .debug_line    0x00001ecc      0x2ff ./src/hal_entry.o
 .debug_line    0x000021cb     0x10e7 ./src/i2c_sensor.o
 .debug_line    0x000032b2      0x534 ./src/new_thread0_entry.o
 .debug_line    0x000037e6      0x45a ./src/new_thread1_entry.o
 .debug_line    0x00003c40      0x295 ./ra_gen/common_data.o
 .debug_line    0x00003ed5      0x2df ./ra_gen/hal_data.o
 .debug_line    0x000041b4      0x35e ./ra_gen/main.o
 .debug_line    0x00004512      0x28d ./ra_gen/new_thread0.o
 .debug_line    0x0000479f      0x28d ./ra_gen/new_thread1.o
 .debug_line    0x00004a2c      0x20c ./ra_gen/pin_data.o